Command line invocation:
    /Applications/Xcode.app/Contents/Developer/usr/bin/xcodebuild -workspace Runner.xcworkspace -scheme Runner -configuration Debug -sdk iphonesimulator

Build settings from command line:
    SDKROOT = iphonesimulator26.5

--- xcodebuild: WARNING: Using the first of multiple matching destinations:
{ platform:iOS Simulator, id:dvtdevice-DVTiOSDeviceSimulatorPlaceholder-iphonesimulator:placeholder, name:Any iOS Simulator Device }
{ platform:iOS Simulator, arch:arm64, id:84297BD2-313F-4A3C-B929-4C7CD4719F29, OS:26.5, name:iPad (A16) }
{ platform:iOS Simulator, arch:arm64, id:34BBD7B7-CFDA-43F0-8669-9B5C5C34506A, OS:26.5, name:iPad Air 11-inch (M4) }
{ platform:iOS Simulator, arch:arm64, id:8950B06F-796E-4A01-8F94-C852939D1D9F, OS:26.5, name:iPad Air 13-inch (M4) }
{ platform:iOS Simulator, arch:arm64, id:D2911CD5-D00B-4682-8DF3-0666CCC489B3, OS:26.5, name:iPad Pro 11-inch (M5) }
{ platform:iOS Simulator, arch:arm64, id:2A93899A-E2B1-4EAC-B512-A5C5CCCD56FB, OS:26.5, name:iPad Pro 13-inch (M5) }
{ platform:iOS Simulator, arch:arm64, id:DF0C180A-38B9-4D8F-9E7B-AB4C998C47C9, OS:26.5, name:iPad mini (A17 Pro) }
{ platform:iOS Simulator, arch:arm64, id:BB51D19D-64AA-4660-A242-180640A4F32E, OS:26.5, name:iPhone 17 }
{ platform:iOS Simulator, arch:arm64, id:B2AC9528-B338-4E28-A780-1058D44F7CFA, OS:26.5, name:iPhone 17 Pro }
{ platform:iOS Simulator, arch:arm64, id:89A0FC09-7B57-4BBD-91A9-BBA2E16158D4, OS:26.5, name:iPhone 17 Pro Max }
{ platform:iOS Simulator, arch:arm64, id:7C0AB2A7-1DEE-47ED-BCDC-A892DF148A45, OS:26.5, name:iPhone 17e }
{ platform:iOS Simulator, arch:arm64, id:E8AEE914-AF28-489B-A6C8-AB8466798A61, OS:26.5, name:iPhone Air }
{ platform:macOS, arch:arm64, variant:Designed for [iPad,iPhone], id:00008112-001508E11AA3601E, name:My Mac }
{ platform:iOS, id:dvtdevice-DVTiPhonePlaceholder-iphoneos:placeholder, name:Any iOS Device }
ComputePackagePrebuildTargetDependencyGraph

Prepare packages

CreateBuildRequest

SendProjectDescription

CreateBuildOperation

ComputeTargetDependencyGraph
note: Building targets in dependency order
note: Target dependency graph (27 targets)
    Target 'Runner' in project 'Runner'
        ➜ Implicit dependency on target 'Pods-Runner' in project 'Pods' via file 'Pods_Runner.framework' in build phase 'Link Binary'
        ➜ Implicit dependency on target 'PurchasesHybridCommon' in project 'Pods' via options '-framework PurchasesHybridCommon' in build setting 'OTHER_LDFLAGS'
        ➜ Implicit dependency on target 'RevenueCat' in project 'Pods' via options '-framework RevenueCat' in build setting 'OTHER_LDFLAGS'
        ➜ Implicit dependency on target 'app_links' in project 'Pods' via options '-framework app_links' in build setting 'OTHER_LDFLAGS'
        ➜ Implicit dependency on target 'connectivity_plus' in project 'Pods' via options '-framework connectivity_plus' in build setting 'OTHER_LDFLAGS'
        ➜ Implicit dependency on target 'device_info_plus' in project 'Pods' via options '-framework device_info_plus' in build setting 'OTHER_LDFLAGS'
        ➜ Implicit dependency on target 'flutter_local_notifications' in project 'Pods' via options '-framework flutter_local_notifications' in build setting 'OTHER_LDFLAGS'
        ➜ Implicit dependency on target 'integration_test' in project 'Pods' via options '-framework integration_test' in build setting 'OTHER_LDFLAGS'
        ➜ Implicit dependency on target 'isar_community_flutter_libs' in project 'Pods' via options '-framework isar_community_flutter_libs' in build setting 'OTHER_LDFLAGS'
        ➜ Implicit dependency on target 'package_info_plus' in project 'Pods' via options '-framework package_info_plus' in build setting 'OTHER_LDFLAGS'
        ➜ Implicit dependency on target 'purchases_flutter' in project 'Pods' via options '-framework purchases_flutter' in build setting 'OTHER_LDFLAGS'
        ➜ Implicit dependency on target 'shared_preferences_foundation' in project 'Pods' via options '-framework shared_preferences_foundation' in build setting 'OTHER_LDFLAGS'
        ➜ Implicit dependency on target 'sqflite_darwin' in project 'Pods' via options '-framework sqflite_darwin' in build setting 'OTHER_LDFLAGS'
        ➜ Implicit dependency on target 'url_launcher_ios' in project 'Pods' via options '-framework url_launcher_ios' in build setting 'OTHER_LDFLAGS'
    Target 'Pods-Runner' in project 'Pods'
        ➜ Explicit dependency on target 'Flutter' in project 'Pods'
        ➜ Explicit dependency on target 'PurchasesHybridCommon' in project 'Pods'
        ➜ Explicit dependency on target 'RevenueCat' in project 'Pods'
        ➜ Explicit dependency on target 'app_links' in project 'Pods'
        ➜ Explicit dependency on target 'connectivity_plus' in project 'Pods'
        ➜ Explicit dependency on target 'device_info_plus' in project 'Pods'
        ➜ Explicit dependency on target 'flutter_local_notifications' in project 'Pods'
        ➜ Explicit dependency on target 'integration_test' in project 'Pods'
        ➜ Explicit dependency on target 'isar_community_flutter_libs' in project 'Pods'
        ➜ Explicit dependency on target 'package_info_plus' in project 'Pods'
        ➜ Explicit dependency on target 'purchases_flutter' in project 'Pods'
        ➜ Explicit dependency on target 'shared_preferences_foundation' in project 'Pods'
        ➜ Explicit dependency on target 'sqflite_darwin' in project 'Pods'
        ➜ Explicit dependency on target 'url_launcher_ios' in project 'Pods'
    Target 'url_launcher_ios' in project 'Pods'
        ➜ Explicit dependency on target 'Flutter' in project 'Pods'
        ➜ Explicit dependency on target 'url_launcher_ios-url_launcher_ios_privacy' in project 'Pods'
    Target 'url_launcher_ios-url_launcher_ios_privacy' in project 'Pods' (no dependencies)
    Target 'sqflite_darwin' in project 'Pods'
        ➜ Explicit dependency on target 'Flutter' in project 'Pods'
        ➜ Explicit dependency on target 'sqflite_darwin-sqflite_darwin_privacy' in project 'Pods'
    Target 'sqflite_darwin-sqflite_darwin_privacy' in project 'Pods' (no dependencies)
    Target 'shared_preferences_foundation' in project 'Pods'
        ➜ Explicit dependency on target 'Flutter' in project 'Pods'
        ➜ Explicit dependency on target 'shared_preferences_foundation-shared_preferences_foundation_privacy' in project 'Pods'
    Target 'shared_preferences_foundation-shared_preferences_foundation_privacy' in project 'Pods' (no dependencies)
    Target 'purchases_flutter' in project 'Pods'
        ➜ Explicit dependency on target 'Flutter' in project 'Pods'
        ➜ Explicit dependency on target 'PurchasesHybridCommon' in project 'Pods'
        ➜ Implicit dependency on target 'RevenueCat' in project 'Pods' via options '-framework RevenueCat' in build setting 'OTHER_LDFLAGS'
    Target 'package_info_plus' in project 'Pods'
        ➜ Explicit dependency on target 'Flutter' in project 'Pods'
        ➜ Explicit dependency on target 'package_info_plus-package_info_plus_privacy' in project 'Pods'
    Target 'package_info_plus-package_info_plus_privacy' in project 'Pods' (no dependencies)
    Target 'isar_community_flutter_libs' in project 'Pods'
        ➜ Explicit dependency on target 'Flutter' in project 'Pods'
        ➜ Explicit dependency on target 'isar_community_flutter_libs-isar_community_flutter_libs_apple_privacy' in project 'Pods'
    Target 'isar_community_flutter_libs-isar_community_flutter_libs_apple_privacy' in project 'Pods' (no dependencies)
    Target 'integration_test' in project 'Pods'
        ➜ Explicit dependency on target 'Flutter' in project 'Pods'
    Target 'flutter_local_notifications' in project 'Pods'
        ➜ Explicit dependency on target 'Flutter' in project 'Pods'
        ➜ Explicit dependency on target 'flutter_local_notifications-flutter_local_notifications_privacy' in project 'Pods'
    Target 'flutter_local_notifications-flutter_local_notifications_privacy' in project 'Pods' (no dependencies)
    Target 'device_info_plus' in project 'Pods'
        ➜ Explicit dependency on target 'Flutter' in project 'Pods'
        ➜ Explicit dependency on target 'device_info_plus-device_info_plus_privacy' in project 'Pods'
    Target 'device_info_plus-device_info_plus_privacy' in project 'Pods' (no dependencies)
    Target 'connectivity_plus' in project 'Pods'
        ➜ Explicit dependency on target 'Flutter' in project 'Pods'
        ➜ Explicit dependency on target 'connectivity_plus-connectivity_plus_privacy' in project 'Pods'
    Target 'connectivity_plus-connectivity_plus_privacy' in project 'Pods' (no dependencies)
    Target 'app_links' in project 'Pods'
        ➜ Explicit dependency on target 'Flutter' in project 'Pods'
        ➜ Explicit dependency on target 'app_links-app_links_ios_privacy' in project 'Pods'
    Target 'app_links-app_links_ios_privacy' in project 'Pods' (no dependencies)
    Target 'PurchasesHybridCommon' in project 'Pods'
        ➜ Explicit dependency on target 'PurchasesHybridCommon-PurchasesHybridCommon' in project 'Pods'
        ➜ Explicit dependency on target 'RevenueCat' in project 'Pods'
    Target 'PurchasesHybridCommon-PurchasesHybridCommon' in project 'Pods'
        ➜ Implicit dependency on target 'RevenueCat' in project 'Pods' via options '-framework RevenueCat' in build setting 'OTHER_LDFLAGS'
    Target 'RevenueCat' in project 'Pods'
        ➜ Explicit dependency on target 'RevenueCat-RevenueCat' in project 'Pods'
    Target 'RevenueCat-RevenueCat' in project 'Pods' (no dependencies)
    Target 'Flutter' in project 'Pods' (no dependencies)

GatherProvisioningInputs

CreateBuildDescription

ExecuteExternalTool /Applications/Xcode.app/Contents/Developer/Toolchains/XcodeDefault.xctoolchain/usr/bin/clang -v -E -dM -arch arm64 -isysroot /Applications/Xcode.app/Contents/Developer/Platforms/iPhoneSimulator.platform/Developer/SDKs/iPhoneSimulator26.5.sdk -x c -c /dev/null

ExecuteExternalTool /Applications/Xcode.app/Contents/Developer/Toolchains/XcodeDefault.xctoolchain/usr/bin/clang -v -E -dM -isysroot /Applications/Xcode.app/Contents/Developer/Platforms/iPhoneSimulator.platform/Developer/SDKs/iPhoneSimulator26.5.sdk -x c -c /dev/null

ExecuteExternalTool /Applications/Xcode.app/Contents/Developer/Toolchains/XcodeDefault.xctoolchain/usr/bin/clang -v -E -dM -arch arm64 -isysroot /Applications/Xcode.app/Contents/Developer/Platforms/iPhoneSimulator.platform/Developer/SDKs/iPhoneSimulator26.5.sdk -x objective-c -c /dev/null

ExecuteExternalTool /Applications/Xcode.app/Contents/Developer/usr/bin/ibtool --version --output-format xml1

ExecuteExternalTool /Applications/Xcode.app/Contents/Developer/Toolchains/XcodeDefault.xctoolchain/usr/bin/swiftc --version

ExecuteExternalTool /Applications/Xcode.app/Contents/Developer/usr/bin/actool --print-asset-tag-combinations --output-format xml1 /Users/amansingh/Documents/GitHub/book_tracker_app/readora/ios/Runner/Assets.xcassets

ExecuteExternalTool /Applications/Xcode.app/Contents/Developer/Toolchains/XcodeDefault.xctoolchain/usr/bin/ld -version_details

ExecuteExternalTool /Applications/Xcode.app/Contents/Developer/Toolchains/XcodeDefault.xctoolchain/usr/bin/libtool -V

ExecuteExternalTool /Applications/Xcode.app/Contents/Developer/usr/bin/actool --version --output-format xml1

ExecuteExternalTool /Applications/Xcode.app/Contents/Developer/Toolchains/XcodeDefault.xctoolchain/usr/bin/clang -v -E -dM -arch x86_64 -isysroot /Applications/Xcode.app/Contents/Developer/Platforms/iPhoneSimulator.platform/Developer/SDKs/iPhoneSimulator26.5.sdk -x c -c /dev/null

ExecuteExternalTool /Applications/Xcode.app/Contents/Developer/Toolchains/XcodeDefault.xctoolchain/usr/bin/clang -v -E -dM -arch x86_64 -isysroot /Applications/Xcode.app/Contents/Developer/Platforms/iPhoneSimulator.platform/Developer/SDKs/iPhoneSimulator26.5.sdk -x objective-c -c /dev/null

Build description signature: 322fd8258ad85e06583ecacfd6f9c81e
Build description path: /Users/amansingh/Library/Developer/Xcode/DerivedData/Runner-hcofcunwqgeiswglvcttrssmoekg/Build/Intermediates.noindex/XCBuildData/322fd8258ad85e06583ecacfd6f9c81e.xcbuilddata
ClangStatCache /Applications/Xcode.app/Contents/Developer/Toolchains/XcodeDefault.xctoolchain/usr/bin/clang-stat-cache /Applications/Xcode.app/Contents/Developer/Platforms/iPhoneSimulator.platform/Developer/SDKs/iPhoneSimulator26.5.sdk /Users/amansingh/Library/Developer/Xcode/DerivedData/SDKStatCaches.noindex/iphonesimulator26.5-23F81a-6cfe768891a92b912361537c460fe42b.sdkstatcache
    cd /Users/amansingh/Documents/GitHub/book_tracker_app/readora/ios
    /Applications/Xcode.app/Contents/Developer/Toolchains/XcodeDefault.xctoolchain/usr/bin/clang-stat-cache /Applications/Xcode.app/Contents/Developer/Platforms/iPhoneSimulator.platform/Developer/SDKs/iPhoneSimulator26.5.sdk -o /Users/amansingh/Library/Developer/Xcode/DerivedData/SDKStatCaches.noindex/iphonesimulator26.5-23F81a-6cfe768891a92b912361537c460fe42b.sdkstatcache

ProcessInfoPlistFile /Users/amansingh/Library/Developer/Xcode/DerivedData/Runner-hcofcunwqgeiswglvcttrssmoekg/Build/Products/Debug-iphonesimulator/RevenueCat/RevenueCat.bundle/Info.plist /Users/amansingh/Documents/GitHub/book_tracker_app/readora/ios/Pods/Target\ Support\ Files/RevenueCat/ResourceBundle-RevenueCat-RevenueCat-Info.plist (in target 'RevenueCat-RevenueCat' from project 'Pods')
    cd /Users/amansingh/Documents/GitHub/book_tracker_app/readora/ios/Pods
    builtin-infoPlistUtility /Users/amansingh/Documents/GitHub/book_tracker_app/readora/ios/Pods/Target\ Support\ Files/RevenueCat/ResourceBundle-RevenueCat-RevenueCat-Info.plist -producttype com.apple.product-type.bundle -expandbuildsettings -format binary -platform iphonesimulator -o /Users/amansingh/Library/Developer/Xcode/DerivedData/Runner-hcofcunwqgeiswglvcttrssmoekg/Build/Products/Debug-iphonesimulator/RevenueCat/RevenueCat.bundle/Info.plist

ProcessInfoPlistFile /Users/amansingh/Library/Developer/Xcode/DerivedData/Runner-hcofcunwqgeiswglvcttrssmoekg/Build/Products/Debug-iphonesimulator/connectivity_plus/connectivity_plus_privacy.bundle/Info.plist /Users/amansingh/Documents/GitHub/book_tracker_app/readora/ios/Pods/Target\ Support\ Files/connectivity_plus/ResourceBundle-connectivity_plus_privacy-connectivity_plus-Info.plist (in target 'connectivity_plus-connectivity_plus_privacy' from project 'Pods')
    cd /Users/amansingh/Documents/GitHub/book_tracker_app/readora/ios/Pods
    builtin-infoPlistUtility /Users/amansingh/Documents/GitHub/book_tracker_app/readora/ios/Pods/Target\ Support\ Files/connectivity_plus/ResourceBundle-connectivity_plus_privacy-connectivity_plus-Info.plist -producttype com.apple.product-type.bundle -expandbuildsettings -format binary -platform iphonesimulator -o /Users/amansingh/Library/Developer/Xcode/DerivedData/Runner-hcofcunwqgeiswglvcttrssmoekg/Build/Products/Debug-iphonesimulator/connectivity_plus/connectivity_plus_privacy.bundle/Info.plist

ProcessInfoPlistFile /Users/amansingh/Library/Developer/Xcode/DerivedData/Runner-hcofcunwqgeiswglvcttrssmoekg/Build/Products/Debug-iphonesimulator/flutter_local_notifications/flutter_local_notifications_privacy.bundle/Info.plist /Users/amansingh/Documents/GitHub/book_tracker_app/readora/ios/Pods/Target\ Support\ Files/flutter_local_notifications/ResourceBundle-flutter_local_notifications_privacy-flutter_local_notifications-Info.plist (in target 'flutter_local_notifications-flutter_local_notifications_privacy' from project 'Pods')
    cd /Users/amansingh/Documents/GitHub/book_tracker_app/readora/ios/Pods
    builtin-infoPlistUtility /Users/amansingh/Documents/GitHub/book_tracker_app/readora/ios/Pods/Target\ Support\ Files/flutter_local_notifications/ResourceBundle-flutter_local_notifications_privacy-flutter_local_notifications-Info.plist -producttype com.apple.product-type.bundle -expandbuildsettings -format binary -platform iphonesimulator -o /Users/amansingh/Library/Developer/Xcode/DerivedData/Runner-hcofcunwqgeiswglvcttrssmoekg/Build/Products/Debug-iphonesimulator/flutter_local_notifications/flutter_local_notifications_privacy.bundle/Info.plist

ProcessInfoPlistFile /Users/amansingh/Library/Developer/Xcode/DerivedData/Runner-hcofcunwqgeiswglvcttrssmoekg/Build/Products/Debug-iphonesimulator/app_links/app_links_ios_privacy.bundle/Info.plist /Users/amansingh/Documents/GitHub/book_tracker_app/readora/ios/Pods/Target\ Support\ Files/app_links/ResourceBundle-app_links_ios_privacy-app_links-Info.plist (in target 'app_links-app_links_ios_privacy' from project 'Pods')
    cd /Users/amansingh/Documents/GitHub/book_tracker_app/readora/ios/Pods
    builtin-infoPlistUtility /Users/amansingh/Documents/GitHub/book_tracker_app/readora/ios/Pods/Target\ Support\ Files/app_links/ResourceBundle-app_links_ios_privacy-app_links-Info.plist -producttype com.apple.product-type.bundle -expandbuildsettings -format binary -platform iphonesimulator -o /Users/amansingh/Library/Developer/Xcode/DerivedData/Runner-hcofcunwqgeiswglvcttrssmoekg/Build/Products/Debug-iphonesimulator/app_links/app_links_ios_privacy.bundle/Info.plist

ProcessInfoPlistFile /Users/amansingh/Library/Developer/Xcode/DerivedData/Runner-hcofcunwqgeiswglvcttrssmoekg/Build/Products/Debug-iphonesimulator/device_info_plus/device_info_plus_privacy.bundle/Info.plist /Users/amansingh/Documents/GitHub/book_tracker_app/readora/ios/Pods/Target\ Support\ Files/device_info_plus/ResourceBundle-device_info_plus_privacy-device_info_plus-Info.plist (in target 'device_info_plus-device_info_plus_privacy' from project 'Pods')
    cd /Users/amansingh/Documents/GitHub/book_tracker_app/readora/ios/Pods
    builtin-infoPlistUtility /Users/amansingh/Documents/GitHub/book_tracker_app/readora/ios/Pods/Target\ Support\ Files/device_info_plus/ResourceBundle-device_info_plus_privacy-device_info_plus-Info.plist -producttype com.apple.product-type.bundle -expandbuildsettings -format binary -platform iphonesimulator -o /Users/amansingh/Library/Developer/Xcode/DerivedData/Runner-hcofcunwqgeiswglvcttrssmoekg/Build/Products/Debug-iphonesimulator/device_info_plus/device_info_plus_privacy.bundle/Info.plist

ProcessInfoPlistFile /Users/amansingh/Library/Developer/Xcode/DerivedData/Runner-hcofcunwqgeiswglvcttrssmoekg/Build/Products/Debug-iphonesimulator/isar_community_flutter_libs/isar_community_flutter_libs_apple_privacy.bundle/Info.plist /Users/amansingh/Documents/GitHub/book_tracker_app/readora/ios/Pods/Target\ Support\ Files/isar_community_flutter_libs/ResourceBundle-isar_community_flutter_libs_apple_privacy-isar_community_flutter_libs-Info.plist (in target 'isar_community_flutter_libs-isar_community_flutter_libs_apple_privacy' from project 'Pods')
    cd /Users/amansingh/Documents/GitHub/book_tracker_app/readora/ios/Pods
    builtin-infoPlistUtility /Users/amansingh/Documents/GitHub/book_tracker_app/readora/ios/Pods/Target\ Support\ Files/isar_community_flutter_libs/ResourceBundle-isar_community_flutter_libs_apple_privacy-isar_community_flutter_libs-Info.plist -producttype com.apple.product-type.bundle -expandbuildsettings -format binary -platform iphonesimulator -o /Users/amansingh/Library/Developer/Xcode/DerivedData/Runner-hcofcunwqgeiswglvcttrssmoekg/Build/Products/Debug-iphonesimulator/isar_community_flutter_libs/isar_community_flutter_libs_apple_privacy.bundle/Info.plist

ProcessInfoPlistFile /Users/amansingh/Library/Developer/Xcode/DerivedData/Runner-hcofcunwqgeiswglvcttrssmoekg/Build/Products/Debug-iphonesimulator/integration_test/integration_test.framework/Info.plist /Users/amansingh/Documents/GitHub/book_tracker_app/readora/ios/Pods/Target\ Support\ Files/integration_test/integration_test-Info.plist (in target 'integration_test' from project 'Pods')
    cd /Users/amansingh/Documents/GitHub/book_tracker_app/readora/ios/Pods
    builtin-infoPlistUtility /Users/amansingh/Documents/GitHub/book_tracker_app/readora/ios/Pods/Target\ Support\ Files/integration_test/integration_test-Info.plist -producttype com.apple.product-type.framework -expandbuildsettings -format binary -platform iphonesimulator -o /Users/amansingh/Library/Developer/Xcode/DerivedData/Runner-hcofcunwqgeiswglvcttrssmoekg/Build/Products/Debug-iphonesimulator/integration_test/integration_test.framework/Info.plist

ProcessInfoPlistFile /Users/amansingh/Library/Developer/Xcode/DerivedData/Runner-hcofcunwqgeiswglvcttrssmoekg/Build/Products/Debug-iphonesimulator/url_launcher_ios/url_launcher_ios_privacy.bundle/Info.plist /Users/amansingh/Documents/GitHub/book_tracker_app/readora/ios/Pods/Target\ Support\ Files/url_launcher_ios/ResourceBundle-url_launcher_ios_privacy-url_launcher_ios-Info.plist (in target 'url_launcher_ios-url_launcher_ios_privacy' from project 'Pods')
    cd /Users/amansingh/Documents/GitHub/book_tracker_app/readora/ios/Pods
    builtin-infoPlistUtility /Users/amansingh/Documents/GitHub/book_tracker_app/readora/ios/Pods/Target\ Support\ Files/url_launcher_ios/ResourceBundle-url_launcher_ios_privacy-url_launcher_ios-Info.plist -producttype com.apple.product-type.bundle -expandbuildsettings -format binary -platform iphonesimulator -o /Users/amansingh/Library/Developer/Xcode/DerivedData/Runner-hcofcunwqgeiswglvcttrssmoekg/Build/Products/Debug-iphonesimulator/url_launcher_ios/url_launcher_ios_privacy.bundle/Info.plist

ProcessInfoPlistFile /Users/amansingh/Library/Developer/Xcode/DerivedData/Runner-hcofcunwqgeiswglvcttrssmoekg/Build/Products/Debug-iphonesimulator/sqflite_darwin/sqflite_darwin_privacy.bundle/Info.plist /Users/amansingh/Documents/GitHub/book_tracker_app/readora/ios/Pods/Target\ Support\ Files/sqflite_darwin/ResourceBundle-sqflite_darwin_privacy-sqflite_darwin-Info.plist (in target 'sqflite_darwin-sqflite_darwin_privacy' from project 'Pods')
    cd /Users/amansingh/Documents/GitHub/book_tracker_app/readora/ios/Pods
    builtin-infoPlistUtility /Users/amansingh/Documents/GitHub/book_tracker_app/readora/ios/Pods/Target\ Support\ Files/sqflite_darwin/ResourceBundle-sqflite_darwin_privacy-sqflite_darwin-Info.plist -producttype com.apple.product-type.bundle -expandbuildsettings -format binary -platform iphonesimulator -o /Users/amansingh/Library/Developer/Xcode/DerivedData/Runner-hcofcunwqgeiswglvcttrssmoekg/Build/Products/Debug-iphonesimulator/sqflite_darwin/sqflite_darwin_privacy.bundle/Info.plist

ProcessInfoPlistFile /Users/amansingh/Library/Developer/Xcode/DerivedData/Runner-hcofcunwqgeiswglvcttrssmoekg/Build/Products/Debug-iphonesimulator/shared_preferences_foundation/shared_preferences_foundation_privacy.bundle/Info.plist /Users/amansingh/Documents/GitHub/book_tracker_app/readora/ios/Pods/Target\ Support\ Files/shared_preferences_foundation/ResourceBundle-shared_preferences_foundation_privacy-shared_preferences_foundation-Info.plist (in target 'shared_preferences_foundation-shared_preferences_foundation_privacy' from project 'Pods')
    cd /Users/amansingh/Documents/GitHub/book_tracker_app/readora/ios/Pods
    builtin-infoPlistUtility /Users/amansingh/Documents/GitHub/book_tracker_app/readora/ios/Pods/Target\ Support\ Files/shared_preferences_foundation/ResourceBundle-shared_preferences_foundation_privacy-shared_preferences_foundation-Info.plist -producttype com.apple.product-type.bundle -expandbuildsettings -format binary -platform iphonesimulator -o /Users/amansingh/Library/Developer/Xcode/DerivedData/Runner-hcofcunwqgeiswglvcttrssmoekg/Build/Products/Debug-iphonesimulator/shared_preferences_foundation/shared_preferences_foundation_privacy.bundle/Info.plist

ProcessInfoPlistFile /Users/amansingh/Library/Developer/Xcode/DerivedData/Runner-hcofcunwqgeiswglvcttrssmoekg/Build/Products/Debug-iphonesimulator/package_info_plus/package_info_plus_privacy.bundle/Info.plist /Users/amansingh/Documents/GitHub/book_tracker_app/readora/ios/Pods/Target\ Support\ Files/package_info_plus/ResourceBundle-package_info_plus_privacy-package_info_plus-Info.plist (in target 'package_info_plus-package_info_plus_privacy' from project 'Pods')
    cd /Users/amansingh/Documents/GitHub/book_tracker_app/readora/ios/Pods
    builtin-infoPlistUtility /Users/amansingh/Documents/GitHub/book_tracker_app/readora/ios/Pods/Target\ Support\ Files/package_info_plus/ResourceBundle-package_info_plus_privacy-package_info_plus-Info.plist -producttype com.apple.product-type.bundle -expandbuildsettings -format binary -platform iphonesimulator -o /Users/amansingh/Library/Developer/Xcode/DerivedData/Runner-hcofcunwqgeiswglvcttrssmoekg/Build/Products/Debug-iphonesimulator/package_info_plus/package_info_plus_privacy.bundle/Info.plist

ProcessInfoPlistFile /Users/amansingh/Library/Developer/Xcode/DerivedData/Runner-hcofcunwqgeiswglvcttrssmoekg/Build/Products/Debug-iphonesimulator/flutter_local_notifications/flutter_local_notifications.framework/Info.plist /Users/amansingh/Documents/GitHub/book_tracker_app/readora/ios/Pods/Target\ Support\ Files/flutter_local_notifications/flutter_local_notifications-Info.plist (in target 'flutter_local_notifications' from project 'Pods')
    cd /Users/amansingh/Documents/GitHub/book_tracker_app/readora/ios/Pods
    builtin-infoPlistUtility /Users/amansingh/Documents/GitHub/book_tracker_app/readora/ios/Pods/Target\ Support\ Files/flutter_local_notifications/flutter_local_notifications-Info.plist -producttype com.apple.product-type.framework -expandbuildsettings -format binary -platform iphonesimulator -o /Users/amansingh/Library/Developer/Xcode/DerivedData/Runner-hcofcunwqgeiswglvcttrssmoekg/Build/Products/Debug-iphonesimulator/flutter_local_notifications/flutter_local_notifications.framework/Info.plist

CpResource /Users/amansingh/Library/Developer/Xcode/DerivedData/Runner-hcofcunwqgeiswglvcttrssmoekg/Build/Products/Debug-iphonesimulator/flutter_local_notifications/flutter_local_notifications.framework/flutter_local_notifications_privacy.bundle /Users/amansingh/Library/Developer/Xcode/DerivedData/Runner-hcofcunwqgeiswglvcttrssmoekg/Build/Products/Debug-iphonesimulator/flutter_local_notifications/flutter_local_notifications_privacy.bundle (in target 'flutter_local_notifications' from project 'Pods')
    cd /Users/amansingh/Documents/GitHub/book_tracker_app/readora/ios/Pods
    builtin-copy -exclude .DS_Store -exclude CVS -exclude .svn -exclude .git -exclude .hg -resolve-src-symlinks /Users/amansingh/Library/Developer/Xcode/DerivedData/Runner-hcofcunwqgeiswglvcttrssmoekg/Build/Products/Debug-iphonesimulator/flutter_local_notifications/flutter_local_notifications_privacy.bundle /Users/amansingh/Library/Developer/Xcode/DerivedData/Runner-hcofcunwqgeiswglvcttrssmoekg/Build/Products/Debug-iphonesimulator/flutter_local_notifications/flutter_local_notifications.framework

ProcessInfoPlistFile /Users/amansingh/Library/Developer/Xcode/DerivedData/Runner-hcofcunwqgeiswglvcttrssmoekg/Build/Products/Debug-iphonesimulator/connectivity_plus/connectivity_plus.framework/Info.plist /Users/amansingh/Documents/GitHub/book_tracker_app/readora/ios/Pods/Target\ Support\ Files/connectivity_plus/connectivity_plus-Info.plist (in target 'connectivity_plus' from project 'Pods')
    cd /Users/amansingh/Documents/GitHub/book_tracker_app/readora/ios/Pods
    builtin-infoPlistUtility /Users/amansingh/Documents/GitHub/book_tracker_app/readora/ios/Pods/Target\ Support\ Files/connectivity_plus/connectivity_plus-Info.plist -producttype com.apple.product-type.framework -expandbuildsettings -format binary -platform iphonesimulator -o /Users/amansingh/Library/Developer/Xcode/DerivedData/Runner-hcofcunwqgeiswglvcttrssmoekg/Build/Products/Debug-iphonesimulator/connectivity_plus/connectivity_plus.framework/Info.plist

ProcessInfoPlistFile /Users/amansingh/Library/Developer/Xcode/DerivedData/Runner-hcofcunwqgeiswglvcttrssmoekg/Build/Products/Debug-iphonesimulator/isar_community_flutter_libs/isar_community_flutter_libs.framework/Info.plist /Users/amansingh/Documents/GitHub/book_tracker_app/readora/ios/Pods/Target\ Support\ Files/isar_community_flutter_libs/isar_community_flutter_libs-Info.plist (in target 'isar_community_flutter_libs' from project 'Pods')
    cd /Users/amansingh/Documents/GitHub/book_tracker_app/readora/ios/Pods
    builtin-infoPlistUtility /Users/amansingh/Documents/GitHub/book_tracker_app/readora/ios/Pods/Target\ Support\ Files/isar_community_flutter_libs/isar_community_flutter_libs-Info.plist -producttype com.apple.product-type.framework -expandbuildsettings -format binary -platform iphonesimulator -o /Users/amansingh/Library/Developer/Xcode/DerivedData/Runner-hcofcunwqgeiswglvcttrssmoekg/Build/Products/Debug-iphonesimulator/isar_community_flutter_libs/isar_community_flutter_libs.framework/Info.plist

ProcessInfoPlistFile /Users/amansingh/Library/Developer/Xcode/DerivedData/Runner-hcofcunwqgeiswglvcttrssmoekg/Build/Products/Debug-iphonesimulator/device_info_plus/device_info_plus.framework/Info.plist /Users/amansingh/Documents/GitHub/book_tracker_app/readora/ios/Pods/Target\ Support\ Files/device_info_plus/device_info_plus-Info.plist (in target 'device_info_plus' from project 'Pods')
    cd /Users/amansingh/Documents/GitHub/book_tracker_app/readora/ios/Pods
    builtin-infoPlistUtility /Users/amansingh/Documents/GitHub/book_tracker_app/readora/ios/Pods/Target\ Support\ Files/device_info_plus/device_info_plus-Info.plist -producttype com.apple.product-type.framework -expandbuildsettings -format binary -platform iphonesimulator -o /Users/amansingh/Library/Developer/Xcode/DerivedData/Runner-hcofcunwqgeiswglvcttrssmoekg/Build/Products/Debug-iphonesimulator/device_info_plus/device_info_plus.framework/Info.plist

ProcessInfoPlistFile /Users/amansingh/Library/Developer/Xcode/DerivedData/Runner-hcofcunwqgeiswglvcttrssmoekg/Build/Products/Debug-iphonesimulator/url_launcher_ios/url_launcher_ios.framework/Info.plist /Users/amansingh/Documents/GitHub/book_tracker_app/readora/ios/Pods/Target\ Support\ Files/url_launcher_ios/url_launcher_ios-Info.plist (in target 'url_launcher_ios' from project 'Pods')
    cd /Users/amansingh/Documents/GitHub/book_tracker_app/readora/ios/Pods
    builtin-infoPlistUtility /Users/amansingh/Documents/GitHub/book_tracker_app/readora/ios/Pods/Target\ Support\ Files/url_launcher_ios/url_launcher_ios-Info.plist -producttype com.apple.product-type.framework -expandbuildsettings -format binary -platform iphonesimulator -o /Users/amansingh/Library/Developer/Xcode/DerivedData/Runner-hcofcunwqgeiswglvcttrssmoekg/Build/Products/Debug-iphonesimulator/url_launcher_ios/url_launcher_ios.framework/Info.plist

CpResource /Users/amansingh/Library/Developer/Xcode/DerivedData/Runner-hcofcunwqgeiswglvcttrssmoekg/Build/Products/Debug-iphonesimulator/url_launcher_ios/url_launcher_ios.framework/url_launcher_ios_privacy.bundle /Users/amansingh/Library/Developer/Xcode/DerivedData/Runner-hcofcunwqgeiswglvcttrssmoekg/Build/Products/Debug-iphonesimulator/url_launcher_ios/url_launcher_ios_privacy.bundle (in target 'url_launcher_ios' from project 'Pods')
    cd /Users/amansingh/Documents/GitHub/book_tracker_app/readora/ios/Pods
    builtin-copy -exclude .DS_Store -exclude CVS -exclude .svn -exclude .git -exclude .hg -resolve-src-symlinks /Users/amansingh/Library/Developer/Xcode/DerivedData/Runner-hcofcunwqgeiswglvcttrssmoekg/Build/Products/Debug-iphonesimulator/url_launcher_ios/url_launcher_ios_privacy.bundle /Users/amansingh/Library/Developer/Xcode/DerivedData/Runner-hcofcunwqgeiswglvcttrssmoekg/Build/Products/Debug-iphonesimulator/url_launcher_ios/url_launcher_ios.framework

ProcessInfoPlistFile /Users/amansingh/Library/Developer/Xcode/DerivedData/Runner-hcofcunwqgeiswglvcttrssmoekg/Build/Products/Debug-iphonesimulator/sqflite_darwin/sqflite_darwin.framework/Info.plist /Users/amansingh/Documents/GitHub/book_tracker_app/readora/ios/Pods/Target\ Support\ Files/sqflite_darwin/sqflite_darwin-Info.plist (in target 'sqflite_darwin' from project 'Pods')
    cd /Users/amansingh/Documents/GitHub/book_tracker_app/readora/ios/Pods
    builtin-infoPlistUtility /Users/amansingh/Documents/GitHub/book_tracker_app/readora/ios/Pods/Target\ Support\ Files/sqflite_darwin/sqflite_darwin-Info.plist -producttype com.apple.product-type.framework -expandbuildsettings -format binary -platform iphonesimulator -o /Users/amansingh/Library/Developer/Xcode/DerivedData/Runner-hcofcunwqgeiswglvcttrssmoekg/Build/Products/Debug-iphonesimulator/sqflite_darwin/sqflite_darwin.framework/Info.plist

CpResource /Users/amansingh/Library/Developer/Xcode/DerivedData/Runner-hcofcunwqgeiswglvcttrssmoekg/Build/Products/Debug-iphonesimulator/sqflite_darwin/sqflite_darwin.framework/sqflite_darwin_privacy.bundle /Users/amansingh/Library/Developer/Xcode/DerivedData/Runner-hcofcunwqgeiswglvcttrssmoekg/Build/Products/Debug-iphonesimulator/sqflite_darwin/sqflite_darwin_privacy.bundle (in target 'sqflite_darwin' from project 'Pods')
    cd /Users/amansingh/Documents/GitHub/book_tracker_app/readora/ios/Pods
    builtin-copy -exclude .DS_Store -exclude CVS -exclude .svn -exclude .git -exclude .hg -resolve-src-symlinks /Users/amansingh/Library/Developer/Xcode/DerivedData/Runner-hcofcunwqgeiswglvcttrssmoekg/Build/Products/Debug-iphonesimulator/sqflite_darwin/sqflite_darwin_privacy.bundle /Users/amansingh/Library/Developer/Xcode/DerivedData/Runner-hcofcunwqgeiswglvcttrssmoekg/Build/Products/Debug-iphonesimulator/sqflite_darwin/sqflite_darwin.framework

ProcessInfoPlistFile /Users/amansingh/Library/Developer/Xcode/DerivedData/Runner-hcofcunwqgeiswglvcttrssmoekg/Build/Products/Debug-iphonesimulator/shared_preferences_foundation/shared_preferences_foundation.framework/Info.plist /Users/amansingh/Documents/GitHub/book_tracker_app/readora/ios/Pods/Target\ Support\ Files/shared_preferences_foundation/shared_preferences_foundation-Info.plist (in target 'shared_preferences_foundation' from project 'Pods')
    cd /Users/amansingh/Documents/GitHub/book_tracker_app/readora/ios/Pods
    builtin-infoPlistUtility /Users/amansingh/Documents/GitHub/book_tracker_app/readora/ios/Pods/Target\ Support\ Files/shared_preferences_foundation/shared_preferences_foundation-Info.plist -producttype com.apple.product-type.framework -expandbuildsettings -format binary -platform iphonesimulator -o /Users/amansingh/Library/Developer/Xcode/DerivedData/Runner-hcofcunwqgeiswglvcttrssmoekg/Build/Products/Debug-iphonesimulator/shared_preferences_foundation/shared_preferences_foundation.framework/Info.plist

CpResource /Users/amansingh/Library/Developer/Xcode/DerivedData/Runner-hcofcunwqgeiswglvcttrssmoekg/Build/Products/Debug-iphonesimulator/shared_preferences_foundation/shared_preferences_foundation.framework/shared_preferences_foundation_privacy.bundle /Users/amansingh/Library/Developer/Xcode/DerivedData/Runner-hcofcunwqgeiswglvcttrssmoekg/Build/Products/Debug-iphonesimulator/shared_preferences_foundation/shared_preferences_foundation_privacy.bundle (in target 'shared_preferences_foundation' from project 'Pods')
    cd /Users/amansingh/Documents/GitHub/book_tracker_app/readora/ios/Pods
    builtin-copy -exclude .DS_Store -exclude CVS -exclude .svn -exclude .git -exclude .hg -resolve-src-symlinks /Users/amansingh/Library/Developer/Xcode/DerivedData/Runner-hcofcunwqgeiswglvcttrssmoekg/Build/Products/Debug-iphonesimulator/shared_preferences_foundation/shared_preferences_foundation_privacy.bundle /Users/amansingh/Library/Developer/Xcode/DerivedData/Runner-hcofcunwqgeiswglvcttrssmoekg/Build/Products/Debug-iphonesimulator/shared_preferences_foundation/shared_preferences_foundation.framework

ProcessInfoPlistFile /Users/amansingh/Library/Developer/Xcode/DerivedData/Runner-hcofcunwqgeiswglvcttrssmoekg/Build/Products/Debug-iphonesimulator/package_info_plus/package_info_plus.framework/Info.plist /Users/amansingh/Documents/GitHub/book_tracker_app/readora/ios/Pods/Target\ Support\ Files/package_info_plus/package_info_plus-Info.plist (in target 'package_info_plus' from project 'Pods')
    cd /Users/amansingh/Documents/GitHub/book_tracker_app/readora/ios/Pods
    builtin-infoPlistUtility /Users/amansingh/Documents/GitHub/book_tracker_app/readora/ios/Pods/Target\ Support\ Files/package_info_plus/package_info_plus-Info.plist -producttype com.apple.product-type.framework -expandbuildsettings -format binary -platform iphonesimulator -o /Users/amansingh/Library/Developer/Xcode/DerivedData/Runner-hcofcunwqgeiswglvcttrssmoekg/Build/Products/Debug-iphonesimulator/package_info_plus/package_info_plus.framework/Info.plist

CpResource /Users/amansingh/Library/Developer/Xcode/DerivedData/Runner-hcofcunwqgeiswglvcttrssmoekg/Build/Products/Debug-iphonesimulator/package_info_plus/package_info_plus.framework/package_info_plus_privacy.bundle /Users/amansingh/Library/Developer/Xcode/DerivedData/Runner-hcofcunwqgeiswglvcttrssmoekg/Build/Products/Debug-iphonesimulator/package_info_plus/package_info_plus_privacy.bundle (in target 'package_info_plus' from project 'Pods')
    cd /Users/amansingh/Documents/GitHub/book_tracker_app/readora/ios/Pods
    builtin-copy -exclude .DS_Store -exclude CVS -exclude .svn -exclude .git -exclude .hg -resolve-src-symlinks /Users/amansingh/Library/Developer/Xcode/DerivedData/Runner-hcofcunwqgeiswglvcttrssmoekg/Build/Products/Debug-iphonesimulator/package_info_plus/package_info_plus_privacy.bundle /Users/amansingh/Library/Developer/Xcode/DerivedData/Runner-hcofcunwqgeiswglvcttrssmoekg/Build/Products/Debug-iphonesimulator/package_info_plus/package_info_plus.framework

CpResource /Users/amansingh/Library/Developer/Xcode/DerivedData/Runner-hcofcunwqgeiswglvcttrssmoekg/Build/Products/Debug-iphonesimulator/device_info_plus/device_info_plus.framework/device_info_plus_privacy.bundle /Users/amansingh/Library/Developer/Xcode/DerivedData/Runner-hcofcunwqgeiswglvcttrssmoekg/Build/Products/Debug-iphonesimulator/device_info_plus/device_info_plus_privacy.bundle (in target 'device_info_plus' from project 'Pods')
    cd /Users/amansingh/Documents/GitHub/book_tracker_app/readora/ios/Pods
    builtin-copy -exclude .DS_Store -exclude CVS -exclude .svn -exclude .git -exclude .hg -resolve-src-symlinks /Users/amansingh/Library/Developer/Xcode/DerivedData/Runner-hcofcunwqgeiswglvcttrssmoekg/Build/Products/Debug-iphonesimulator/device_info_plus/device_info_plus_privacy.bundle /Users/amansingh/Library/Developer/Xcode/DerivedData/Runner-hcofcunwqgeiswglvcttrssmoekg/Build/Products/Debug-iphonesimulator/device_info_plus/device_info_plus.framework

CpResource /Users/amansingh/Library/Developer/Xcode/DerivedData/Runner-hcofcunwqgeiswglvcttrssmoekg/Build/Products/Debug-iphonesimulator/connectivity_plus/connectivity_plus.framework/connectivity_plus_privacy.bundle /Users/amansingh/Library/Developer/Xcode/DerivedData/Runner-hcofcunwqgeiswglvcttrssmoekg/Build/Products/Debug-iphonesimulator/connectivity_plus/connectivity_plus_privacy.bundle (in target 'connectivity_plus' from project 'Pods')
    cd /Users/amansingh/Documents/GitHub/book_tracker_app/readora/ios/Pods
    builtin-copy -exclude .DS_Store -exclude CVS -exclude .svn -exclude .git -exclude .hg -resolve-src-symlinks /Users/amansingh/Library/Developer/Xcode/DerivedData/Runner-hcofcunwqgeiswglvcttrssmoekg/Build/Products/Debug-iphonesimulator/connectivity_plus/connectivity_plus_privacy.bundle /Users/amansingh/Library/Developer/Xcode/DerivedData/Runner-hcofcunwqgeiswglvcttrssmoekg/Build/Products/Debug-iphonesimulator/connectivity_plus/connectivity_plus.framework

ProcessInfoPlistFile /Users/amansingh/Library/Developer/Xcode/DerivedData/Runner-hcofcunwqgeiswglvcttrssmoekg/Build/Products/Debug-iphonesimulator/app_links/app_links.framework/Info.plist /Users/amansingh/Documents/GitHub/book_tracker_app/readora/ios/Pods/Target\ Support\ Files/app_links/app_links-Info.plist (in target 'app_links' from project 'Pods')
    cd /Users/amansingh/Documents/GitHub/book_tracker_app/readora/ios/Pods
    builtin-infoPlistUtility /Users/amansingh/Documents/GitHub/book_tracker_app/readora/ios/Pods/Target\ Support\ Files/app_links/app_links-Info.plist -producttype com.apple.product-type.framework -expandbuildsettings -format binary -platform iphonesimulator -o /Users/amansingh/Library/Developer/Xcode/DerivedData/Runner-hcofcunwqgeiswglvcttrssmoekg/Build/Products/Debug-iphonesimulator/app_links/app_links.framework/Info.plist

CpResource /Users/amansingh/Library/Developer/Xcode/DerivedData/Runner-hcofcunwqgeiswglvcttrssmoekg/Build/Products/Debug-iphonesimulator/app_links/app_links.framework/app_links_ios_privacy.bundle /Users/amansingh/Library/Developer/Xcode/DerivedData/Runner-hcofcunwqgeiswglvcttrssmoekg/Build/Products/Debug-iphonesimulator/app_links/app_links_ios_privacy.bundle (in target 'app_links' from project 'Pods')
    cd /Users/amansingh/Documents/GitHub/book_tracker_app/readora/ios/Pods
    builtin-copy -exclude .DS_Store -exclude CVS -exclude .svn -exclude .git -exclude .hg -resolve-src-symlinks /Users/amansingh/Library/Developer/Xcode/DerivedData/Runner-hcofcunwqgeiswglvcttrssmoekg/Build/Products/Debug-iphonesimulator/app_links/app_links_ios_privacy.bundle /Users/amansingh/Library/Developer/Xcode/DerivedData/Runner-hcofcunwqgeiswglvcttrssmoekg/Build/Products/Debug-iphonesimulator/app_links/app_links.framework

ProcessInfoPlistFile /Users/amansingh/Library/Developer/Xcode/DerivedData/Runner-hcofcunwqgeiswglvcttrssmoekg/Build/Products/Debug-iphonesimulator/RevenueCat/RevenueCat.framework/Info.plist /Users/amansingh/Documents/GitHub/book_tracker_app/readora/ios/Pods/Target\ Support\ Files/RevenueCat/RevenueCat-Info.plist (in target 'RevenueCat' from project 'Pods')
    cd /Users/amansingh/Documents/GitHub/book_tracker_app/readora/ios/Pods
    builtin-infoPlistUtility /Users/amansingh/Documents/GitHub/book_tracker_app/readora/ios/Pods/Target\ Support\ Files/RevenueCat/RevenueCat-Info.plist -producttype com.apple.product-type.framework -expandbuildsettings -format binary -platform iphonesimulator -o /Users/amansingh/Library/Developer/Xcode/DerivedData/Runner-hcofcunwqgeiswglvcttrssmoekg/Build/Products/Debug-iphonesimulator/RevenueCat/RevenueCat.framework/Info.plist

CpResource /Users/amansingh/Library/Developer/Xcode/DerivedData/Runner-hcofcunwqgeiswglvcttrssmoekg/Build/Products/Debug-iphonesimulator/RevenueCat/RevenueCat.framework/RevenueCat.bundle /Users/amansingh/Library/Developer/Xcode/DerivedData/Runner-hcofcunwqgeiswglvcttrssmoekg/Build/Products/Debug-iphonesimulator/RevenueCat/RevenueCat.bundle (in target 'RevenueCat' from project 'Pods')
    cd /Users/amansingh/Documents/GitHub/book_tracker_app/readora/ios/Pods
    builtin-copy -exclude .DS_Store -exclude CVS -exclude .svn -exclude .git -exclude .hg -resolve-src-symlinks /Users/amansingh/Library/Developer/Xcode/DerivedData/Runner-hcofcunwqgeiswglvcttrssmoekg/Build/Products/Debug-iphonesimulator/RevenueCat/RevenueCat.bundle /Users/amansingh/Library/Developer/Xcode/DerivedData/Runner-hcofcunwqgeiswglvcttrssmoekg/Build/Products/Debug-iphonesimulator/RevenueCat/RevenueCat.framework

CpResource /Users/amansingh/Library/Developer/Xcode/DerivedData/Runner-hcofcunwqgeiswglvcttrssmoekg/Build/Products/Debug-iphonesimulator/isar_community_flutter_libs/isar_community_flutter_libs.framework/isar_community_flutter_libs_apple_privacy.bundle /Users/amansingh/Library/Developer/Xcode/DerivedData/Runner-hcofcunwqgeiswglvcttrssmoekg/Build/Products/Debug-iphonesimulator/isar_community_flutter_libs/isar_community_flutter_libs_apple_privacy.bundle (in target 'isar_community_flutter_libs' from project 'Pods')
    cd /Users/amansingh/Documents/GitHub/book_tracker_app/readora/ios/Pods
    builtin-copy -exclude .DS_Store -exclude CVS -exclude .svn -exclude .git -exclude .hg -resolve-src-symlinks /Users/amansingh/Library/Developer/Xcode/DerivedData/Runner-hcofcunwqgeiswglvcttrssmoekg/Build/Products/Debug-iphonesimulator/isar_community_flutter_libs/isar_community_flutter_libs_apple_privacy.bundle /Users/amansingh/Library/Developer/Xcode/DerivedData/Runner-hcofcunwqgeiswglvcttrssmoekg/Build/Products/Debug-iphonesimulator/isar_community_flutter_libs/isar_community_flutter_libs.framework

Ld /Users/amansingh/Library/Developer/Xcode/DerivedData/Runner-hcofcunwqgeiswglvcttrssmoekg/Build/Intermediates.noindex/Pods.build/Debug-iphonesimulator/package_info_plus.build/Objects-normal/x86_64/Binary/package_info_plus normal x86_64 (in target 'package_info_plus' from project 'Pods')
    cd /Users/amansingh/Documents/GitHub/book_tracker_app/readora/ios/Pods
    /Applications/Xcode.app/Contents/Developer/Toolchains/XcodeDefault.xctoolchain/usr/bin/clang -Xlinker -reproducible -target x86_64-apple-ios13.0-simulator -dynamiclib -isysroot /Applications/Xcode.app/Contents/Developer/Platforms/iPhoneSimulator.platform/Developer/SDKs/iPhoneSimulator26.5.sdk -O0 -L/Users/amansingh/Library/Developer/Xcode/DerivedData/Runner-hcofcunwqgeiswglvcttrssmoekg/Build/Intermediates.noindex/EagerLinkingTBDs/Debug-iphonesimulator -L/Users/amansingh/Library/Developer/Xcode/DerivedData/Runner-hcofcunwqgeiswglvcttrssmoekg/Build/Products/Debug-iphonesimulator/package_info_plus -F/Users/amansingh/Library/Developer/Xcode/DerivedData/Runner-hcofcunwqgeiswglvcttrssmoekg/Build/Intermediates.noindex/EagerLinkingTBDs/Debug-iphonesimulator -F/Users/amansingh/Library/Developer/Xcode/DerivedData/Runner-hcofcunwqgeiswglvcttrssmoekg/Build/Products/Debug-iphonesimulator/package_info_plus -F/Users/amansingh/development/flutter/bin/cache/artifacts/engine/ios/Flutter.xcframework/ios-arm64_x86_64-simulator -F/Users/amansingh/Library/Developer/Xcode/DerivedData/Runner-hcofcunwqgeiswglvcttrssmoekg/Build/Products/Debug-iphonesimulator/Flutter -F/Users/amansingh/Documents/GitHub/book_tracker_app/readora/ios/Pods/Flutter -filelist /Users/amansingh/Library/Developer/Xcode/DerivedData/Runner-hcofcunwqgeiswglvcttrssmoekg/Build/Intermediates.noindex/Pods.build/Debug-iphonesimulator/package_info_plus.build/Objects-normal/x86_64/package_info_plus.LinkFileList -install_name @rpath/package_info_plus.framework/package_info_plus -Xlinker -rpath -Xlinker @executable_path/Frameworks -Xlinker -rpath -Xlinker @loader_path/Frameworks -Xlinker -dead_strip -Xlinker -object_path_lto -Xlinker /Users/amansingh/Library/Developer/Xcode/DerivedData/Runner-hcofcunwqgeiswglvcttrssmoekg/Build/Intermediates.noindex/Pods.build/Debug-iphonesimulator/package_info_plus.build/Objects-normal/x86_64/package_info_plus_lto.o -rdynamic -Xlinker -no_deduplicate -Xlinker -objc_abi_version -Xlinker 2 -Xlinker -dependency_info -Xlinker /Users/amansingh/Library/Developer/Xcode/DerivedData/Runner-hcofcunwqgeiswglvcttrssmoekg/Build/Intermediates.noindex/Pods.build/Debug-iphonesimulator/package_info_plus.build/Objects-normal/x86_64/package_info_plus_dependency_info.dat -fobjc-arc -fobjc-link-runtime -framework Flutter -framework Foundation -Xlinker -no_adhoc_codesign -compatibility_version 1 -current_version 1 -o /Users/amansingh/Library/Developer/Xcode/DerivedData/Runner-hcofcunwqgeiswglvcttrssmoekg/Build/Intermediates.noindex/Pods.build/Debug-iphonesimulator/package_info_plus.build/Objects-normal/x86_64/Binary/package_info_plus
/Users/amansingh/Documents/GitHub/book_tracker_app/readora/ios/Pods/Pods.xcodeproj: package_info_plus: ld: warning: search path '/Users/amansingh/Documents/GitHub/book_tracker_app/readora/ios/Pods/Flutter' not found
ld: framework 'Flutter' not found
/Users/amansingh/Documents/GitHub/book_tracker_app/readora/ios/Pods/Pods.xcodeproj: package_info_plus: clang: error: linker command failed with exit code 1 (use -v to see invocation)

ScanDependencies /Users/amansingh/Library/Developer/Xcode/DerivedData/Runner-hcofcunwqgeiswglvcttrssmoekg/Build/Intermediates.noindex/Pods.build/Debug-iphonesimulator/package_info_plus.build/Objects-normal/arm64/FPPPackageInfoPlusPlugin.o /Users/amansingh/.pub-cache/hosted/pub.dev/package_info_plus-8.3.1/ios/package_info_plus/Sources/package_info_plus/FPPPackageInfoPlusPlugin.m normal arm64 objective-c com.apple.compilers.llvm.clang.1_0.compiler (in target 'package_info_plus' from project 'Pods')
    cd /Users/amansingh/Documents/GitHub/book_tracker_app/readora/ios/Pods
    
    Using response file: /Users/amansingh/Library/Developer/Xcode/DerivedData/Runner-hcofcunwqgeiswglvcttrssmoekg/Build/Intermediates.noindex/Pods.build/Debug-iphonesimulator/package_info_plus.build/Objects-normal/arm64/e6072d4f65d7061329687fe24e3d63a7-common-args.resp
    
    builtin-ScanDependencies -o /Users/amansingh/Library/Developer/Xcode/DerivedData/Runner-hcofcunwqgeiswglvcttrssmoekg/Build/Intermediates.noindex/Pods.build/Debug-iphonesimulator/package_info_plus.build/Objects-normal/arm64/FPPPackageInfoPlusPlugin.o.scan -- /Applications/Xcode.app/Contents/Developer/Toolchains/XcodeDefault.xctoolchain/usr/bin/clang -x objective-c -ivfsstatcache /Users/amansingh/Library/Developer/Xcode/DerivedData/SDKStatCaches.noindex/iphonesimulator26.5-23F81a-6cfe768891a92b912361537c460fe42b.sdkstatcache -target arm64-apple-ios13.0-simulator -fmessage-length\=0 -fdiagnostics-show-note-include-stack -fmacro-backtrace-limit\=0 -fno-color-diagnostics -fmodules-prune-interval\=86400 -fmodules-prune-after\=345600 -fbuild-session-file\=/Users/amansingh/Library/Developer/Xcode/DerivedData/ModuleCache.noindex/Session.modulevalidation -fmodules-validate-once-per-build-session -Wnon-modular-include-in-framework-module -Werror\=non-modular-include-in-framework-module -Wno-trigraphs -Wno-missing-field-initializers -Wno-missing-prototypes -Werror\=return-type -Wdocumentation -Wunreachable-code -Wno-implicit-atomic-properties -Werror\=deprecated-objc-isa-usage -Wno-objc-interface-ivars -Werror\=objc-root-class -Wno-arc-repeated-use-of-weak -Wimplicit-retain-self -Wduplicate-method-match -Wno-missing-braces -Wparentheses -Wswitch -Wunused-function -Wno-unused-label -Wno-unused-parameter -Wunused-variable -Wunused-value -Wempty-body -Wuninitialized -Wconditional-uninitialized -Wno-unknown-pragmas -Wno-shadow -Wno-four-char-constants -Wno-conversion -Wconstant-conversion -Wint-conversion -Wbool-conversion -Wenum-conversion -Wno-float-conversion -Wnon-literal-null-conversion -Wobjc-literal-conversion -Wshorten-64-to-32 -Wpointer-sign -Wno-newline-eof -Wno-selector -Wno-strict-selector-match -Wundeclared-selector -Wdeprecated-implementations -Wno-implicit-fallthrough -isysroot /Applications/Xcode.app/Contents/Developer/Platforms/iPhoneSimulator.platform/Developer/SDKs/iPhoneSimulator26.5.sdk -fstrict-aliasing -Wprotocol -Wdeprecated-declarations -Wno-sign-conversion -Winfinite-recursion -Wcomma -Wblock-capture-autoreleasing -Wstrict-prototypes -Wno-semicolon-before-method-body -Wunguarded-availability -index-store-path /Users/amansingh/Library/Developer/Xcode/DerivedData/Runner-hcofcunwqgeiswglvcttrssmoekg/Index.noindex/DataStore @/Users/amansingh/Library/Developer/Xcode/DerivedData/Runner-hcofcunwqgeiswglvcttrssmoekg/Build/Intermediates.noindex/Pods.build/Debug-iphonesimulator/package_info_plus.build/Objects-normal/arm64/e6072d4f65d7061329687fe24e3d63a7-common-args.resp -include /Users/amansingh/Documents/GitHub/book_tracker_app/readora/ios/Pods/Target\ Support\ Files/package_info_plus/package_info_plus-prefix.pch -MMD -MT dependencies -MF /Users/amansingh/Library/Developer/Xcode/DerivedData/Runner-hcofcunwqgeiswglvcttrssmoekg/Build/Intermediates.noindex/Pods.build/Debug-iphonesimulator/package_info_plus.build/Objects-normal/arm64/FPPPackageInfoPlusPlugin.d --serialize-diagnostics /Users/amansingh/Library/Developer/Xcode/DerivedData/Runner-hcofcunwqgeiswglvcttrssmoekg/Build/Intermediates.noindex/Pods.build/Debug-iphonesimulator/package_info_plus.build/Objects-normal/arm64/FPPPackageInfoPlusPlugin.dia -c /Users/amansingh/.pub-cache/hosted/pub.dev/package_info_plus-8.3.1/ios/package_info_plus/Sources/package_info_plus/FPPPackageInfoPlusPlugin.m -o /Users/amansingh/Library/Developer/Xcode/DerivedData/Runner-hcofcunwqgeiswglvcttrssmoekg/Build/Intermediates.noindex/Pods.build/Debug-iphonesimulator/package_info_plus.build/Objects-normal/arm64/FPPPackageInfoPlusPlugin.o -index-unit-output-path /Pods.build/Debug-iphonesimulator/package_info_plus.build/Objects-normal/arm64/FPPPackageInfoPlusPlugin.o

ScanDependencies /Users/amansingh/Library/Developer/Xcode/DerivedData/Runner-hcofcunwqgeiswglvcttrssmoekg/Build/Intermediates.noindex/Pods.build/Debug-iphonesimulator/integration_test.build/Objects-normal/x86_64/integration_test-dummy.o /Users/amansingh/Documents/GitHub/book_tracker_app/readora/ios/Pods/Target\ Support\ Files/integration_test/integration_test-dummy.m normal x86_64 objective-c com.apple.compilers.llvm.clang.1_0.compiler (in target 'integration_test' from project 'Pods')
    cd /Users/amansingh/Documents/GitHub/book_tracker_app/readora/ios/Pods
    
    Using response file: /Users/amansingh/Library/Developer/Xcode/DerivedData/Runner-hcofcunwqgeiswglvcttrssmoekg/Build/Intermediates.noindex/Pods.build/Debug-iphonesimulator/integration_test.build/Objects-normal/x86_64/e6072d4f65d7061329687fe24e3d63a7-common-args.resp
    
    builtin-ScanDependencies -o /Users/amansingh/Library/Developer/Xcode/DerivedData/Runner-hcofcunwqgeiswglvcttrssmoekg/Build/Intermediates.noindex/Pods.build/Debug-iphonesimulator/integration_test.build/Objects-normal/x86_64/integration_test-dummy.o.scan -- /Applications/Xcode.app/Contents/Developer/Toolchains/XcodeDefault.xctoolchain/usr/bin/clang -x objective-c -ivfsstatcache /Users/amansingh/Library/Developer/Xcode/DerivedData/SDKStatCaches.noindex/iphonesimulator26.5-23F81a-6cfe768891a92b912361537c460fe42b.sdkstatcache -target x86_64-apple-ios13.0-simulator -fmessage-length\=0 -fdiagnostics-show-note-include-stack -fmacro-backtrace-limit\=0 -fno-color-diagnostics -fmodules-prune-interval\=86400 -fmodules-prune-after\=345600 -fbuild-session-file\=/Users/amansingh/Library/Developer/Xcode/DerivedData/ModuleCache.noindex/Session.modulevalidation -fmodules-validate-once-per-build-session -Wnon-modular-include-in-framework-module -Werror\=non-modular-include-in-framework-module -Wno-trigraphs -Wno-missing-field-initializers -Wno-missing-prototypes -Werror\=return-type -Wdocumentation -Wunreachable-code -Wno-implicit-atomic-properties -Werror\=deprecated-objc-isa-usage -Wno-objc-interface-ivars -Werror\=objc-root-class -Wno-arc-repeated-use-of-weak -Wimplicit-retain-self -Wduplicate-method-match -Wno-missing-braces -Wparentheses -Wswitch -Wunused-function -Wno-unused-label -Wno-unused-parameter -Wunused-variable -Wunused-value -Wempty-body -Wuninitialized -Wconditional-uninitialized -Wno-unknown-pragmas -Wno-shadow -Wno-four-char-constants -Wno-conversion -Wconstant-conversion -Wint-conversion -Wbool-conversion -Wenum-conversion -Wno-float-conversion -Wnon-literal-null-conversion -Wobjc-literal-conversion -Wshorten-64-to-32 -Wpointer-sign -Wno-newline-eof -Wno-selector -Wno-strict-selector-match -Wundeclared-selector -Wdeprecated-implementations -Wno-implicit-fallthrough -isysroot /Applications/Xcode.app/Contents/Developer/Platforms/iPhoneSimulator.platform/Developer/SDKs/iPhoneSimulator26.5.sdk -fstrict-aliasing -Wprotocol -Wdeprecated-declarations -Wno-sign-conversion -Winfinite-recursion -Wcomma -Wblock-capture-autoreleasing -Wstrict-prototypes -Wno-semicolon-before-method-body -Wunguarded-availability -index-store-path /Users/amansingh/Library/Developer/Xcode/DerivedData/Runner-hcofcunwqgeiswglvcttrssmoekg/Index.noindex/DataStore @/Users/amansingh/Library/Developer/Xcode/DerivedData/Runner-hcofcunwqgeiswglvcttrssmoekg/Build/Intermediates.noindex/Pods.build/Debug-iphonesimulator/integration_test.build/Objects-normal/x86_64/e6072d4f65d7061329687fe24e3d63a7-common-args.resp -include /Users/amansingh/Documents/GitHub/book_tracker_app/readora/ios/Pods/Target\ Support\ Files/integration_test/integration_test-prefix.pch -MMD -MT dependencies -MF /Users/amansingh/Library/Developer/Xcode/DerivedData/Runner-hcofcunwqgeiswglvcttrssmoekg/Build/Intermediates.noindex/Pods.build/Debug-iphonesimulator/integration_test.build/Objects-normal/x86_64/integration_test-dummy.d --serialize-diagnostics /Users/amansingh/Library/Developer/Xcode/DerivedData/Runner-hcofcunwqgeiswglvcttrssmoekg/Build/Intermediates.noindex/Pods.build/Debug-iphonesimulator/integration_test.build/Objects-normal/x86_64/integration_test-dummy.dia -c /Users/amansingh/Documents/GitHub/book_tracker_app/readora/ios/Pods/Target\ Support\ Files/integration_test/integration_test-dummy.m -o /Users/amansingh/Library/Developer/Xcode/DerivedData/Runner-hcofcunwqgeiswglvcttrssmoekg/Build/Intermediates.noindex/Pods.build/Debug-iphonesimulator/integration_test.build/Objects-normal/x86_64/integration_test-dummy.o -index-unit-output-path /Pods.build/Debug-iphonesimulator/integration_test.build/Objects-normal/x86_64/integration_test-dummy.o

ScanDependencies /Users/amansingh/Library/Developer/Xcode/DerivedData/Runner-hcofcunwqgeiswglvcttrssmoekg/Build/Intermediates.noindex/Pods.build/Debug-iphonesimulator/integration_test.build/Objects-normal/x86_64/FLTIntegrationTestRunner.o /Users/amansingh/development/flutter/packages/integration_test/ios/integration_test/Sources/integration_test/FLTIntegrationTestRunner.m normal x86_64 objective-c com.apple.compilers.llvm.clang.1_0.compiler (in target 'integration_test' from project 'Pods')
    cd /Users/amansingh/Documents/GitHub/book_tracker_app/readora/ios/Pods
    
    Using response file: /Users/amansingh/Library/Developer/Xcode/DerivedData/Runner-hcofcunwqgeiswglvcttrssmoekg/Build/Intermediates.noindex/Pods.build/Debug-iphonesimulator/integration_test.build/Objects-normal/x86_64/e6072d4f65d7061329687fe24e3d63a7-common-args.resp
    
    builtin-ScanDependencies -o /Users/amansingh/Library/Developer/Xcode/DerivedData/Runner-hcofcunwqgeiswglvcttrssmoekg/Build/Intermediates.noindex/Pods.build/Debug-iphonesimulator/integration_test.build/Objects-normal/x86_64/FLTIntegrationTestRunner.o.scan -- /Applications/Xcode.app/Contents/Developer/Toolchains/XcodeDefault.xctoolchain/usr/bin/clang -x objective-c -ivfsstatcache /Users/amansingh/Library/Developer/Xcode/DerivedData/SDKStatCaches.noindex/iphonesimulator26.5-23F81a-6cfe768891a92b912361537c460fe42b.sdkstatcache -target x86_64-apple-ios13.0-simulator -fmessage-length\=0 -fdiagnostics-show-note-include-stack -fmacro-backtrace-limit\=0 -fno-color-diagnostics -fmodules-prune-interval\=86400 -fmodules-prune-after\=345600 -fbuild-session-file\=/Users/amansingh/Library/Developer/Xcode/DerivedData/ModuleCache.noindex/Session.modulevalidation -fmodules-validate-once-per-build-session -Wnon-modular-include-in-framework-module -Werror\=non-modular-include-in-framework-module -Wno-trigraphs -Wno-missing-field-initializers -Wno-missing-prototypes -Werror\=return-type -Wdocumentation -Wunreachable-code -Wno-implicit-atomic-properties -Werror\=deprecated-objc-isa-usage -Wno-objc-interface-ivars -Werror\=objc-root-class -Wno-arc-repeated-use-of-weak -Wimplicit-retain-self -Wduplicate-method-match -Wno-missing-braces -Wparentheses -Wswitch -Wunused-function -Wno-unused-label -Wno-unused-parameter -Wunused-variable -Wunused-value -Wempty-body -Wuninitialized -Wconditional-uninitialized -Wno-unknown-pragmas -Wno-shadow -Wno-four-char-constants -Wno-conversion -Wconstant-conversion -Wint-conversion -Wbool-conversion -Wenum-conversion -Wno-float-conversion -Wnon-literal-null-conversion -Wobjc-literal-conversion -Wshorten-64-to-32 -Wpointer-sign -Wno-newline-eof -Wno-selector -Wno-strict-selector-match -Wundeclared-selector -Wdeprecated-implementations -Wno-implicit-fallthrough -isysroot /Applications/Xcode.app/Contents/Developer/Platforms/iPhoneSimulator.platform/Developer/SDKs/iPhoneSimulator26.5.sdk -fstrict-aliasing -Wprotocol -Wdeprecated-declarations -Wno-sign-conversion -Winfinite-recursion -Wcomma -Wblock-capture-autoreleasing -Wstrict-prototypes -Wno-semicolon-before-method-body -Wunguarded-availability -index-store-path /Users/amansingh/Library/Developer/Xcode/DerivedData/Runner-hcofcunwqgeiswglvcttrssmoekg/Index.noindex/DataStore @/Users/amansingh/Library/Developer/Xcode/DerivedData/Runner-hcofcunwqgeiswglvcttrssmoekg/Build/Intermediates.noindex/Pods.build/Debug-iphonesimulator/integration_test.build/Objects-normal/x86_64/e6072d4f65d7061329687fe24e3d63a7-common-args.resp -include /Users/amansingh/Documents/GitHub/book_tracker_app/readora/ios/Pods/Target\ Support\ Files/integration_test/integration_test-prefix.pch -MMD -MT dependencies -MF /Users/amansingh/Library/Developer/Xcode/DerivedData/Runner-hcofcunwqgeiswglvcttrssmoekg/Build/Intermediates.noindex/Pods.build/Debug-iphonesimulator/integration_test.build/Objects-normal/x86_64/FLTIntegrationTestRunner.d --serialize-diagnostics /Users/amansingh/Library/Developer/Xcode/DerivedData/Runner-hcofcunwqgeiswglvcttrssmoekg/Build/Intermediates.noindex/Pods.build/Debug-iphonesimulator/integration_test.build/Objects-normal/x86_64/FLTIntegrationTestRunner.dia -c /Users/amansingh/development/flutter/packages/integration_test/ios/integration_test/Sources/integration_test/FLTIntegrationTestRunner.m -o /Users/amansingh/Library/Developer/Xcode/DerivedData/Runner-hcofcunwqgeiswglvcttrssmoekg/Build/Intermediates.noindex/Pods.build/Debug-iphonesimulator/integration_test.build/Objects-normal/x86_64/FLTIntegrationTestRunner.o -index-unit-output-path /Pods.build/Debug-iphonesimulator/integration_test.build/Objects-normal/x86_64/FLTIntegrationTestRunner.o

ScanDependencies /Users/amansingh/Library/Developer/Xcode/DerivedData/Runner-hcofcunwqgeiswglvcttrssmoekg/Build/Intermediates.noindex/Pods.build/Debug-iphonesimulator/integration_test.build/Objects-normal/x86_64/IntegrationTestPlugin.o /Users/amansingh/development/flutter/packages/integration_test/ios/integration_test/Sources/integration_test/IntegrationTestPlugin.m normal x86_64 objective-c com.apple.compilers.llvm.clang.1_0.compiler (in target 'integration_test' from project 'Pods')
    cd /Users/amansingh/Documents/GitHub/book_tracker_app/readora/ios/Pods
    
    Using response file: /Users/amansingh/Library/Developer/Xcode/DerivedData/Runner-hcofcunwqgeiswglvcttrssmoekg/Build/Intermediates.noindex/Pods.build/Debug-iphonesimulator/integration_test.build/Objects-normal/x86_64/e6072d4f65d7061329687fe24e3d63a7-common-args.resp
    
    builtin-ScanDependencies -o /Users/amansingh/Library/Developer/Xcode/DerivedData/Runner-hcofcunwqgeiswglvcttrssmoekg/Build/Intermediates.noindex/Pods.build/Debug-iphonesimulator/integration_test.build/Objects-normal/x86_64/IntegrationTestPlugin.o.scan -- /Applications/Xcode.app/Contents/Developer/Toolchains/XcodeDefault.xctoolchain/usr/bin/clang -x objective-c -ivfsstatcache /Users/amansingh/Library/Developer/Xcode/DerivedData/SDKStatCaches.noindex/iphonesimulator26.5-23F81a-6cfe768891a92b912361537c460fe42b.sdkstatcache -target x86_64-apple-ios13.0-simulator -fmessage-length\=0 -fdiagnostics-show-note-include-stack -fmacro-backtrace-limit\=0 -fno-color-diagnostics -fmodules-prune-interval\=86400 -fmodules-prune-after\=345600 -fbuild-session-file\=/Users/amansingh/Library/Developer/Xcode/DerivedData/ModuleCache.noindex/Session.modulevalidation -fmodules-validate-once-per-build-session -Wnon-modular-include-in-framework-module -Werror\=non-modular-include-in-framework-module -Wno-trigraphs -Wno-missing-field-initializers -Wno-missing-prototypes -Werror\=return-type -Wdocumentation -Wunreachable-code -Wno-implicit-atomic-properties -Werror\=deprecated-objc-isa-usage -Wno-objc-interface-ivars -Werror\=objc-root-class -Wno-arc-repeated-use-of-weak -Wimplicit-retain-self -Wduplicate-method-match -Wno-missing-braces -Wparentheses -Wswitch -Wunused-function -Wno-unused-label -Wno-unused-parameter -Wunused-variable -Wunused-value -Wempty-body -Wuninitialized -Wconditional-uninitialized -Wno-unknown-pragmas -Wno-shadow -Wno-four-char-constants -Wno-conversion -Wconstant-conversion -Wint-conversion -Wbool-conversion -Wenum-conversion -Wno-float-conversion -Wnon-literal-null-conversion -Wobjc-literal-conversion -Wshorten-64-to-32 -Wpointer-sign -Wno-newline-eof -Wno-selector -Wno-strict-selector-match -Wundeclared-selector -Wdeprecated-implementations -Wno-implicit-fallthrough -isysroot /Applications/Xcode.app/Contents/Developer/Platforms/iPhoneSimulator.platform/Developer/SDKs/iPhoneSimulator26.5.sdk -fstrict-aliasing -Wprotocol -Wdeprecated-declarations -Wno-sign-conversion -Winfinite-recursion -Wcomma -Wblock-capture-autoreleasing -Wstrict-prototypes -Wno-semicolon-before-method-body -Wunguarded-availability -index-store-path /Users/amansingh/Library/Developer/Xcode/DerivedData/Runner-hcofcunwqgeiswglvcttrssmoekg/Index.noindex/DataStore @/Users/amansingh/Library/Developer/Xcode/DerivedData/Runner-hcofcunwqgeiswglvcttrssmoekg/Build/Intermediates.noindex/Pods.build/Debug-iphonesimulator/integration_test.build/Objects-normal/x86_64/e6072d4f65d7061329687fe24e3d63a7-common-args.resp -include /Users/amansingh/Documents/GitHub/book_tracker_app/readora/ios/Pods/Target\ Support\ Files/integration_test/integration_test-prefix.pch -MMD -MT dependencies -MF /Users/amansingh/Library/Developer/Xcode/DerivedData/Runner-hcofcunwqgeiswglvcttrssmoekg/Build/Intermediates.noindex/Pods.build/Debug-iphonesimulator/integration_test.build/Objects-normal/x86_64/IntegrationTestPlugin.d --serialize-diagnostics /Users/amansingh/Library/Developer/Xcode/DerivedData/Runner-hcofcunwqgeiswglvcttrssmoekg/Build/Intermediates.noindex/Pods.build/Debug-iphonesimulator/integration_test.build/Objects-normal/x86_64/IntegrationTestPlugin.dia -c /Users/amansingh/development/flutter/packages/integration_test/ios/integration_test/Sources/integration_test/IntegrationTestPlugin.m -o /Users/amansingh/Library/Developer/Xcode/DerivedData/Runner-hcofcunwqgeiswglvcttrssmoekg/Build/Intermediates.noindex/Pods.build/Debug-iphonesimulator/integration_test.build/Objects-normal/x86_64/IntegrationTestPlugin.o -index-unit-output-path /Pods.build/Debug-iphonesimulator/integration_test.build/Objects-normal/x86_64/IntegrationTestPlugin.o

ScanDependencies /Users/amansingh/Library/Developer/Xcode/DerivedData/Runner-hcofcunwqgeiswglvcttrssmoekg/Build/Intermediates.noindex/Pods.build/Debug-iphonesimulator/package_info_plus.build/Objects-normal/arm64/package_info_plus-dummy.o /Users/amansingh/Documents/GitHub/book_tracker_app/readora/ios/Pods/Target\ Support\ Files/package_info_plus/package_info_plus-dummy.m normal arm64 objective-c com.apple.compilers.llvm.clang.1_0.compiler (in target 'package_info_plus' from project 'Pods')
    cd /Users/amansingh/Documents/GitHub/book_tracker_app/readora/ios/Pods
    
    Using response file: /Users/amansingh/Library/Developer/Xcode/DerivedData/Runner-hcofcunwqgeiswglvcttrssmoekg/Build/Intermediates.noindex/Pods.build/Debug-iphonesimulator/package_info_plus.build/Objects-normal/arm64/e6072d4f65d7061329687fe24e3d63a7-common-args.resp
    
    builtin-ScanDependencies -o /Users/amansingh/Library/Developer/Xcode/DerivedData/Runner-hcofcunwqgeiswglvcttrssmoekg/Build/Intermediates.noindex/Pods.build/Debug-iphonesimulator/package_info_plus.build/Objects-normal/arm64/package_info_plus-dummy.o.scan -- /Applications/Xcode.app/Contents/Developer/Toolchains/XcodeDefault.xctoolchain/usr/bin/clang -x objective-c -ivfsstatcache /Users/amansingh/Library/Developer/Xcode/DerivedData/SDKStatCaches.noindex/iphonesimulator26.5-23F81a-6cfe768891a92b912361537c460fe42b.sdkstatcache -target arm64-apple-ios13.0-simulator -fmessage-length\=0 -fdiagnostics-show-note-include-stack -fmacro-backtrace-limit\=0 -fno-color-diagnostics -fmodules-prune-interval\=86400 -fmodules-prune-after\=345600 -fbuild-session-file\=/Users/amansingh/Library/Developer/Xcode/DerivedData/ModuleCache.noindex/Session.modulevalidation -fmodules-validate-once-per-build-session -Wnon-modular-include-in-framework-module -Werror\=non-modular-include-in-framework-module -Wno-trigraphs -Wno-missing-field-initializers -Wno-missing-prototypes -Werror\=return-type -Wdocumentation -Wunreachable-code -Wno-implicit-atomic-properties -Werror\=deprecated-objc-isa-usage -Wno-objc-interface-ivars -Werror\=objc-root-class -Wno-arc-repeated-use-of-weak -Wimplicit-retain-self -Wduplicate-method-match -Wno-missing-braces -Wparentheses -Wswitch -Wunused-function -Wno-unused-label -Wno-unused-parameter -Wunused-variable -Wunused-value -Wempty-body -Wuninitialized -Wconditional-uninitialized -Wno-unknown-pragmas -Wno-shadow -Wno-four-char-constants -Wno-conversion -Wconstant-conversion -Wint-conversion -Wbool-conversion -Wenum-conversion -Wno-float-conversion -Wnon-literal-null-conversion -Wobjc-literal-conversion -Wshorten-64-to-32 -Wpointer-sign -Wno-newline-eof -Wno-selector -Wno-strict-selector-match -Wundeclared-selector -Wdeprecated-implementations -Wno-implicit-fallthrough -isysroot /Applications/Xcode.app/Contents/Developer/Platforms/iPhoneSimulator.platform/Developer/SDKs/iPhoneSimulator26.5.sdk -fstrict-aliasing -Wprotocol -Wdeprecated-declarations -Wno-sign-conversion -Winfinite-recursion -Wcomma -Wblock-capture-autoreleasing -Wstrict-prototypes -Wno-semicolon-before-method-body -Wunguarded-availability -index-store-path /Users/amansingh/Library/Developer/Xcode/DerivedData/Runner-hcofcunwqgeiswglvcttrssmoekg/Index.noindex/DataStore @/Users/amansingh/Library/Developer/Xcode/DerivedData/Runner-hcofcunwqgeiswglvcttrssmoekg/Build/Intermediates.noindex/Pods.build/Debug-iphonesimulator/package_info_plus.build/Objects-normal/arm64/e6072d4f65d7061329687fe24e3d63a7-common-args.resp -include /Users/amansingh/Documents/GitHub/book_tracker_app/readora/ios/Pods/Target\ Support\ Files/package_info_plus/package_info_plus-prefix.pch -MMD -MT dependencies -MF /Users/amansingh/Library/Developer/Xcode/DerivedData/Runner-hcofcunwqgeiswglvcttrssmoekg/Build/Intermediates.noindex/Pods.build/Debug-iphonesimulator/package_info_plus.build/Objects-normal/arm64/package_info_plus-dummy.d --serialize-diagnostics /Users/amansingh/Library/Developer/Xcode/DerivedData/Runner-hcofcunwqgeiswglvcttrssmoekg/Build/Intermediates.noindex/Pods.build/Debug-iphonesimulator/package_info_plus.build/Objects-normal/arm64/package_info_plus-dummy.dia -c /Users/amansingh/Documents/GitHub/book_tracker_app/readora/ios/Pods/Target\ Support\ Files/package_info_plus/package_info_plus-dummy.m -o /Users/amansingh/Library/Developer/Xcode/DerivedData/Runner-hcofcunwqgeiswglvcttrssmoekg/Build/Intermediates.noindex/Pods.build/Debug-iphonesimulator/package_info_plus.build/Objects-normal/arm64/package_info_plus-dummy.o -index-unit-output-path /Pods.build/Debug-iphonesimulator/package_info_plus.build/Objects-normal/arm64/package_info_plus-dummy.o

ScanDependencies /Users/amansingh/Library/Developer/Xcode/DerivedData/Runner-hcofcunwqgeiswglvcttrssmoekg/Build/Intermediates.noindex/Pods.build/Debug-iphonesimulator/integration_test.build/Objects-normal/x86_64/IntegrationTestIosTest.o /Users/amansingh/development/flutter/packages/integration_test/ios/integration_test/Sources/integration_test/IntegrationTestIosTest.m normal x86_64 objective-c com.apple.compilers.llvm.clang.1_0.compiler (in target 'integration_test' from project 'Pods')
    cd /Users/amansingh/Documents/GitHub/book_tracker_app/readora/ios/Pods
    
    Using response file: /Users/amansingh/Library/Developer/Xcode/DerivedData/Runner-hcofcunwqgeiswglvcttrssmoekg/Build/Intermediates.noindex/Pods.build/Debug-iphonesimulator/integration_test.build/Objects-normal/x86_64/e6072d4f65d7061329687fe24e3d63a7-common-args.resp
    
    builtin-ScanDependencies -o /Users/amansingh/Library/Developer/Xcode/DerivedData/Runner-hcofcunwqgeiswglvcttrssmoekg/Build/Intermediates.noindex/Pods.build/Debug-iphonesimulator/integration_test.build/Objects-normal/x86_64/IntegrationTestIosTest.o.scan -- /Applications/Xcode.app/Contents/Developer/Toolchains/XcodeDefault.xctoolchain/usr/bin/clang -x objective-c -ivfsstatcache /Users/amansingh/Library/Developer/Xcode/DerivedData/SDKStatCaches.noindex/iphonesimulator26.5-23F81a-6cfe768891a92b912361537c460fe42b.sdkstatcache -target x86_64-apple-ios13.0-simulator -fmessage-length\=0 -fdiagnostics-show-note-include-stack -fmacro-backtrace-limit\=0 -fno-color-diagnostics -fmodules-prune-interval\=86400 -fmodules-prune-after\=345600 -fbuild-session-file\=/Users/amansingh/Library/Developer/Xcode/DerivedData/ModuleCache.noindex/Session.modulevalidation -fmodules-validate-once-per-build-session -Wnon-modular-include-in-framework-module -Werror\=non-modular-include-in-framework-module -Wno-trigraphs -Wno-missing-field-initializers -Wno-missing-prototypes -Werror\=return-type -Wdocumentation -Wunreachable-code -Wno-implicit-atomic-properties -Werror\=deprecated-objc-isa-usage -Wno-objc-interface-ivars -Werror\=objc-root-class -Wno-arc-repeated-use-of-weak -Wimplicit-retain-self -Wduplicate-method-match -Wno-missing-braces -Wparentheses -Wswitch -Wunused-function -Wno-unused-label -Wno-unused-parameter -Wunused-variable -Wunused-value -Wempty-body -Wuninitialized -Wconditional-uninitialized -Wno-unknown-pragmas -Wno-shadow -Wno-four-char-constants -Wno-conversion -Wconstant-conversion -Wint-conversion -Wbool-conversion -Wenum-conversion -Wno-float-conversion -Wnon-literal-null-conversion -Wobjc-literal-conversion -Wshorten-64-to-32 -Wpointer-sign -Wno-newline-eof -Wno-selector -Wno-strict-selector-match -Wundeclared-selector -Wdeprecated-implementations -Wno-implicit-fallthrough -isysroot /Applications/Xcode.app/Contents/Developer/Platforms/iPhoneSimulator.platform/Developer/SDKs/iPhoneSimulator26.5.sdk -fstrict-aliasing -Wprotocol -Wdeprecated-declarations -Wno-sign-conversion -Winfinite-recursion -Wcomma -Wblock-capture-autoreleasing -Wstrict-prototypes -Wno-semicolon-before-method-body -Wunguarded-availability -index-store-path /Users/amansingh/Library/Developer/Xcode/DerivedData/Runner-hcofcunwqgeiswglvcttrssmoekg/Index.noindex/DataStore @/Users/amansingh/Library/Developer/Xcode/DerivedData/Runner-hcofcunwqgeiswglvcttrssmoekg/Build/Intermediates.noindex/Pods.build/Debug-iphonesimulator/integration_test.build/Objects-normal/x86_64/e6072d4f65d7061329687fe24e3d63a7-common-args.resp -include /Users/amansingh/Documents/GitHub/book_tracker_app/readora/ios/Pods/Target\ Support\ Files/integration_test/integration_test-prefix.pch -MMD -MT dependencies -MF /Users/amansingh/Library/Developer/Xcode/DerivedData/Runner-hcofcunwqgeiswglvcttrssmoekg/Build/Intermediates.noindex/Pods.build/Debug-iphonesimulator/integration_test.build/Objects-normal/x86_64/IntegrationTestIosTest.d --serialize-diagnostics /Users/amansingh/Library/Developer/Xcode/DerivedData/Runner-hcofcunwqgeiswglvcttrssmoekg/Build/Intermediates.noindex/Pods.build/Debug-iphonesimulator/integration_test.build/Objects-normal/x86_64/IntegrationTestIosTest.dia -c /Users/amansingh/development/flutter/packages/integration_test/ios/integration_test/Sources/integration_test/IntegrationTestIosTest.m -o /Users/amansingh/Library/Developer/Xcode/DerivedData/Runner-hcofcunwqgeiswglvcttrssmoekg/Build/Intermediates.noindex/Pods.build/Debug-iphonesimulator/integration_test.build/Objects-normal/x86_64/IntegrationTestIosTest.o -index-unit-output-path /Pods.build/Debug-iphonesimulator/integration_test.build/Objects-normal/x86_64/IntegrationTestIosTest.o

ScanDependencies /Users/amansingh/Library/Developer/Xcode/DerivedData/Runner-hcofcunwqgeiswglvcttrssmoekg/Build/Intermediates.noindex/Pods.build/Debug-iphonesimulator/integration_test.build/Objects-normal/arm64/integration_test_vers.o /Users/amansingh/Library/Developer/Xcode/DerivedData/Runner-hcofcunwqgeiswglvcttrssmoekg/Build/Intermediates.noindex/Pods.build/Debug-iphonesimulator/integration_test.build/DerivedSources/integration_test_vers.c normal arm64 c com.apple.compilers.llvm.clang.1_0.compiler (in target 'integration_test' from project 'Pods')
    cd /Users/amansingh/Documents/GitHub/book_tracker_app/readora/ios/Pods
    
    Using response file: /Users/amansingh/Library/Developer/Xcode/DerivedData/Runner-hcofcunwqgeiswglvcttrssmoekg/Build/Intermediates.noindex/Pods.build/Debug-iphonesimulator/integration_test.build/Objects-normal/arm64/7187679823f38a2a940e0043cdf9d637-common-args.resp
    
    builtin-ScanDependencies -o /Users/amansingh/Library/Developer/Xcode/DerivedData/Runner-hcofcunwqgeiswglvcttrssmoekg/Build/Intermediates.noindex/Pods.build/Debug-iphonesimulator/integration_test.build/Objects-normal/arm64/integration_test_vers.o.scan -- /Applications/Xcode.app/Contents/Developer/Toolchains/XcodeDefault.xctoolchain/usr/bin/clang -x c -ivfsstatcache /Users/amansingh/Library/Developer/Xcode/DerivedData/SDKStatCaches.noindex/iphonesimulator26.5-23F81a-6cfe768891a92b912361537c460fe42b.sdkstatcache -target arm64-apple-ios13.0-simulator -fmessage-length\=0 -fdiagnostics-show-note-include-stack -fmacro-backtrace-limit\=0 -fno-color-diagnostics -fmodules-prune-interval\=86400 -fmodules-prune-after\=345600 -fbuild-session-file\=/Users/amansingh/Library/Developer/Xcode/DerivedData/ModuleCache.noindex/Session.modulevalidation -fmodules-validate-once-per-build-session -Wnon-modular-include-in-framework-module -Werror\=non-modular-include-in-framework-module -Wno-trigraphs -Wno-missing-field-initializers -Wno-missing-prototypes -Werror\=return-type -Wdocumentation -Wunreachable-code -Werror\=deprecated-objc-isa-usage -Werror\=objc-root-class -Wno-missing-braces -Wparentheses -Wswitch -Wunused-function -Wno-unused-label -Wno-unused-parameter -Wunused-variable -Wunused-value -Wempty-body -Wuninitialized -Wconditional-uninitialized -Wno-unknown-pragmas -Wno-shadow -Wno-four-char-constants -Wno-conversion -Wconstant-conversion -Wint-conversion -Wbool-conversion -Wenum-conversion -Wno-float-conversion -Wnon-literal-null-conversion -Wobjc-literal-conversion -Wshorten-64-to-32 -Wpointer-sign -Wno-newline-eof -Wno-implicit-fallthrough -isysroot /Applications/Xcode.app/Contents/Developer/Platforms/iPhoneSimulator.platform/Developer/SDKs/iPhoneSimulator26.5.sdk -fstrict-aliasing -Wdeprecated-declarations -Wno-sign-conversion -Winfinite-recursion -Wcomma -Wblock-capture-autoreleasing -Wstrict-prototypes -Wno-semicolon-before-method-body -Wunguarded-availability -index-store-path /Users/amansingh/Library/Developer/Xcode/DerivedData/Runner-hcofcunwqgeiswglvcttrssmoekg/Index.noindex/DataStore @/Users/amansingh/Library/Developer/Xcode/DerivedData/Runner-hcofcunwqgeiswglvcttrssmoekg/Build/Intermediates.noindex/Pods.build/Debug-iphonesimulator/integration_test.build/Objects-normal/arm64/7187679823f38a2a940e0043cdf9d637-common-args.resp -MMD -MT dependencies -MF /Users/amansingh/Library/Developer/Xcode/DerivedData/Runner-hcofcunwqgeiswglvcttrssmoekg/Build/Intermediates.noindex/Pods.build/Debug-iphonesimulator/integration_test.build/Objects-normal/arm64/integration_test_vers.d --serialize-diagnostics /Users/amansingh/Library/Developer/Xcode/DerivedData/Runner-hcofcunwqgeiswglvcttrssmoekg/Build/Intermediates.noindex/Pods.build/Debug-iphonesimulator/integration_test.build/Objects-normal/arm64/integration_test_vers.dia -c /Users/amansingh/Library/Developer/Xcode/DerivedData/Runner-hcofcunwqgeiswglvcttrssmoekg/Build/Intermediates.noindex/Pods.build/Debug-iphonesimulator/integration_test.build/DerivedSources/integration_test_vers.c -o /Users/amansingh/Library/Developer/Xcode/DerivedData/Runner-hcofcunwqgeiswglvcttrssmoekg/Build/Intermediates.noindex/Pods.build/Debug-iphonesimulator/integration_test.build/Objects-normal/arm64/integration_test_vers.o -index-unit-output-path /Pods.build/Debug-iphonesimulator/integration_test.build/Objects-normal/arm64/integration_test_vers.o

SwiftDriver isar_community_flutter_libs normal x86_64 com.apple.xcode.tools.swift.compiler (in target 'isar_community_flutter_libs' from project 'Pods')
    cd /Users/amansingh/Documents/GitHub/book_tracker_app/readora/ios/Pods
    builtin-SwiftDriver -- /Applications/Xcode.app/Contents/Developer/Toolchains/XcodeDefault.xctoolchain/usr/bin/swiftc -module-name isar_community_flutter_libs -Onone @/Users/amansingh/Library/Developer/Xcode/DerivedData/Runner-hcofcunwqgeiswglvcttrssmoekg/Build/Intermediates.noindex/Pods.build/Debug-iphonesimulator/isar_community_flutter_libs.build/Objects-normal/x86_64/isar_community_flutter_libs.SwiftFileList -DDEBUG -D COCOAPODS -enable-bare-slash-regex -enable-experimental-feature DebugDescriptionMacro -sdk /Applications/Xcode.app/Contents/Developer/Platforms/iPhoneSimulator.platform/Developer/SDKs/iPhoneSimulator26.5.sdk -target x86_64-apple-ios13.0-simulator -g -module-cache-path /Users/amansingh/Library/Developer/Xcode/DerivedData/ModuleCache.noindex -Xfrontend -serialize-debugging-options -enable-testing -index-store-path /Users/amansingh/Library/Developer/Xcode/DerivedData/Runner-hcofcunwqgeiswglvcttrssmoekg/Index.noindex/DataStore -Xcc -D_LIBCPP_HARDENING_MODE\=_LIBCPP_HARDENING_MODE_DEBUG -swift-version 5 -I /Users/amansingh/Library/Developer/Xcode/DerivedData/Runner-hcofcunwqgeiswglvcttrssmoekg/Build/Products/Debug-iphonesimulator/isar_community_flutter_libs -F /Users/amansingh/Library/Developer/Xcode/DerivedData/Runner-hcofcunwqgeiswglvcttrssmoekg/Build/Products/Debug-iphonesimulator/isar_community_flutter_libs -F /Users/amansingh/development/flutter/bin/cache/artifacts/engine/ios/Flutter.xcframework/ios-arm64_x86_64-simulator -F /Users/amansingh/Documents/GitHub/book_tracker_app/readora/ios/.symlinks/plugins/isar_community_flutter_libs/ios -F /Users/amansingh/Library/Developer/Xcode/DerivedData/Runner-hcofcunwqgeiswglvcttrssmoekg/Build/Products/Debug-iphonesimulator/Flutter -F /Users/amansingh/Documents/GitHub/book_tracker_app/readora/ios/Pods/Flutter -parse-as-library -c -j8 -enable-batch-mode -incremental -Xcc -ivfsstatcache -Xcc /Users/amansingh/Library/Developer/Xcode/DerivedData/SDKStatCaches.noindex/iphonesimulator26.5-23F81a-6cfe768891a92b912361537c460fe42b.sdkstatcache -output-file-map /Users/amansingh/Library/Developer/Xcode/DerivedData/Runner-hcofcunwqgeiswglvcttrssmoekg/Build/Intermediates.noindex/Pods.build/Debug-iphonesimulator/isar_community_flutter_libs.build/Objects-normal/x86_64/isar_community_flutter_libs-OutputFileMap.json -use-frontend-parseable-output -save-temps -no-color-diagnostics -explicit-module-build -module-cache-path /Users/amansingh/Library/Developer/Xcode/DerivedData/Runner-hcofcunwqgeiswglvcttrssmoekg/Build/Intermediates.noindex/SwiftExplicitPrecompiledModules -clang-scanner-module-cache-path /Users/amansingh/Library/Developer/Xcode/DerivedData/ModuleCache.noindex -sdk-module-cache-path /Users/amansingh/Library/Developer/Xcode/DerivedData/ModuleCache.noindex -serialize-diagnostics -emit-dependencies -emit-module -emit-module-path /Users/amansingh/Library/Developer/Xcode/DerivedData/Runner-hcofcunwqgeiswglvcttrssmoekg/Build/Intermediates.noindex/Pods.build/Debug-iphonesimulator/isar_community_flutter_libs.build/Objects-normal/x86_64/isar_community_flutter_libs.swiftmodule -validate-clang-modules-once -clang-build-session-file /Users/amansingh/Library/Developer/Xcode/DerivedData/ModuleCache.noindex/Session.modulevalidation -Xcc -I/Users/amansingh/Library/Developer/Xcode/DerivedData/Runner-hcofcunwqgeiswglvcttrssmoekg/Build/Intermediates.noindex/Pods.build/Debug-iphonesimulator/isar_community_flutter_libs.build/swift-overrides.hmap -emit-const-values -Xfrontend -const-gather-protocols-file -Xfrontend /Users/amansingh/Library/Developer/Xcode/DerivedData/Runner-hcofcunwqgeiswglvcttrssmoekg/Build/Intermediates.noindex/Pods.build/Debug-iphonesimulator/isar_community_flutter_libs.build/Objects-normal/x86_64/isar_community_flutter_libs_const_extract_protocols.json -Xcc -iquote -Xcc /Users/amansingh/Library/Developer/Xcode/DerivedData/Runner-hcofcunwqgeiswglvcttrssmoekg/Build/Intermediates.noindex/Pods.build/Debug-iphonesimulator/isar_community_flutter_libs.build/isar_community_flutter_libs-generated-files.hmap -Xcc -I/Users/amansingh/Library/Developer/Xcode/DerivedData/Runner-hcofcunwqgeiswglvcttrssmoekg/Build/Intermediates.noindex/Pods.build/Debug-iphonesimulator/isar_community_flutter_libs.build/isar_community_flutter_libs-own-target-headers.hmap -Xcc -I/Users/amansingh/Library/Developer/Xcode/DerivedData/Runner-hcofcunwqgeiswglvcttrssmoekg/Build/Intermediates.noindex/Pods.build/Debug-iphonesimulator/isar_community_flutter_libs.build/isar_community_flutter_libs-all-non-framework-target-headers.hmap -Xcc -ivfsoverlay -Xcc /Users/amansingh/Library/Developer/Xcode/DerivedData/Runner-hcofcunwqgeiswglvcttrssmoekg/Build/Intermediates.noindex/Pods.build/Debug-iphonesimulator/Pods-8699adb1dd336b26511df848a716bd42-VFS-iphonesimulator/all-product-headers.yaml -Xcc -iquote -Xcc /Users/amansingh/Library/Developer/Xcode/DerivedData/Runner-hcofcunwqgeiswglvcttrssmoekg/Build/Intermediates.noindex/Pods.build/Debug-iphonesimulator/isar_community_flutter_libs.build/isar_community_flutter_libs-project-headers.hmap -Xcc -I/Users/amansingh/Library/Developer/Xcode/DerivedData/Runner-hcofcunwqgeiswglvcttrssmoekg/Build/Products/Debug-iphonesimulator/isar_community_flutter_libs/include -Xcc -I/Users/amansingh/Library/Developer/Xcode/DerivedData/Runner-hcofcunwqgeiswglvcttrssmoekg/Build/Products/Debug-iphonesimulator/XCFrameworkIntermediates/isar_community_flutter_libs/Headers -Xcc -I/Users/amansingh/Library/Developer/Xcode/DerivedData/Runner-hcofcunwqgeiswglvcttrssmoekg/Build/Intermediates.noindex/Pods.build/Debug-iphonesimulator/isar_community_flutter_libs.build/DerivedSources-normal/x86_64 -Xcc -I/Users/amansingh/Library/Developer/Xcode/DerivedData/Runner-hcofcunwqgeiswglvcttrssmoekg/Build/Intermediates.noindex/Pods.build/Debug-iphonesimulator/isar_community_flutter_libs.build/DerivedSources/x86_64 -Xcc -I/Users/amansingh/Library/Developer/Xcode/DerivedData/Runner-hcofcunwqgeiswglvcttrssmoekg/Build/Intermediates.noindex/Pods.build/Debug-iphonesimulator/isar_community_flutter_libs.build/DerivedSources -Xcc -DPOD_CONFIGURATION_DEBUG\=1 -Xcc -DDEBUG\=1 -Xcc -DCOCOAPODS\=1 -emit-objc-header -emit-objc-header-path /Users/amansingh/Library/Developer/Xcode/DerivedData/Runner-hcofcunwqgeiswglvcttrssmoekg/Build/Intermediates.noindex/Pods.build/Debug-iphonesimulator/isar_community_flutter_libs.build/Objects-normal/x86_64/isar_community_flutter_libs-Swift.h -import-underlying-module -Xcc -ivfsoverlay -Xcc /Users/amansingh/Library/Developer/Xcode/DerivedData/Runner-hcofcunwqgeiswglvcttrssmoekg/Build/Intermediates.noindex/Pods.build/Debug-iphonesimulator/isar_community_flutter_libs.build/unextended-module-overlay.yaml -working-directory /Users/amansingh/Documents/GitHub/book_tracker_app/readora/ios/Pods -experimental-emit-module-separately -disable-cmo

SwiftDriver isar_community_flutter_libs normal arm64 com.apple.xcode.tools.swift.compiler (in target 'isar_community_flutter_libs' from project 'Pods')
    cd /Users/amansingh/Documents/GitHub/book_tracker_app/readora/ios/Pods
    builtin-SwiftDriver -- /Applications/Xcode.app/Contents/Developer/Toolchains/XcodeDefault.xctoolchain/usr/bin/swiftc -module-name isar_community_flutter_libs -Onone @/Users/amansingh/Library/Developer/Xcode/DerivedData/Runner-hcofcunwqgeiswglvcttrssmoekg/Build/Intermediates.noindex/Pods.build/Debug-iphonesimulator/isar_community_flutter_libs.build/Objects-normal/arm64/isar_community_flutter_libs.SwiftFileList -DDEBUG -D COCOAPODS -enable-bare-slash-regex -enable-experimental-feature DebugDescriptionMacro -sdk /Applications/Xcode.app/Contents/Developer/Platforms/iPhoneSimulator.platform/Developer/SDKs/iPhoneSimulator26.5.sdk -target arm64-apple-ios13.0-simulator -g -module-cache-path /Users/amansingh/Library/Developer/Xcode/DerivedData/ModuleCache.noindex -Xfrontend -serialize-debugging-options -enable-testing -index-store-path /Users/amansingh/Library/Developer/Xcode/DerivedData/Runner-hcofcunwqgeiswglvcttrssmoekg/Index.noindex/DataStore -Xcc -D_LIBCPP_HARDENING_MODE\=_LIBCPP_HARDENING_MODE_DEBUG -swift-version 5 -I /Users/amansingh/Library/Developer/Xcode/DerivedData/Runner-hcofcunwqgeiswglvcttrssmoekg/Build/Products/Debug-iphonesimulator/isar_community_flutter_libs -F /Users/amansingh/Library/Developer/Xcode/DerivedData/Runner-hcofcunwqgeiswglvcttrssmoekg/Build/Products/Debug-iphonesimulator/isar_community_flutter_libs -F /Users/amansingh/development/flutter/bin/cache/artifacts/engine/ios/Flutter.xcframework/ios-arm64_x86_64-simulator -F /Users/amansingh/Documents/GitHub/book_tracker_app/readora/ios/.symlinks/plugins/isar_community_flutter_libs/ios -F /Users/amansingh/Library/Developer/Xcode/DerivedData/Runner-hcofcunwqgeiswglvcttrssmoekg/Build/Products/Debug-iphonesimulator/Flutter -F /Users/amansingh/Documents/GitHub/book_tracker_app/readora/ios/Pods/Flutter -parse-as-library -c -j8 -enable-batch-mode -incremental -Xcc -ivfsstatcache -Xcc /Users/amansingh/Library/Developer/Xcode/DerivedData/SDKStatCaches.noindex/iphonesimulator26.5-23F81a-6cfe768891a92b912361537c460fe42b.sdkstatcache -output-file-map /Users/amansingh/Library/Developer/Xcode/DerivedData/Runner-hcofcunwqgeiswglvcttrssmoekg/Build/Intermediates.noindex/Pods.build/Debug-iphonesimulator/isar_community_flutter_libs.build/Objects-normal/arm64/isar_community_flutter_libs-OutputFileMap.json -use-frontend-parseable-output -save-temps -no-color-diagnostics -explicit-module-build -module-cache-path /Users/amansingh/Library/Developer/Xcode/DerivedData/Runner-hcofcunwqgeiswglvcttrssmoekg/Build/Intermediates.noindex/SwiftExplicitPrecompiledModules -clang-scanner-module-cache-path /Users/amansingh/Library/Developer/Xcode/DerivedData/ModuleCache.noindex -sdk-module-cache-path /Users/amansingh/Library/Developer/Xcode/DerivedData/ModuleCache.noindex -serialize-diagnostics -emit-dependencies -emit-module -emit-module-path /Users/amansingh/Library/Developer/Xcode/DerivedData/Runner-hcofcunwqgeiswglvcttrssmoekg/Build/Intermediates.noindex/Pods.build/Debug-iphonesimulator/isar_community_flutter_libs.build/Objects-normal/arm64/isar_community_flutter_libs.swiftmodule -validate-clang-modules-once -clang-build-session-file /Users/amansingh/Library/Developer/Xcode/DerivedData/ModuleCache.noindex/Session.modulevalidation -Xcc -I/Users/amansingh/Library/Developer/Xcode/DerivedData/Runner-hcofcunwqgeiswglvcttrssmoekg/Build/Intermediates.noindex/Pods.build/Debug-iphonesimulator/isar_community_flutter_libs.build/swift-overrides.hmap -emit-const-values -Xfrontend -const-gather-protocols-file -Xfrontend /Users/amansingh/Library/Developer/Xcode/DerivedData/Runner-hcofcunwqgeiswglvcttrssmoekg/Build/Intermediates.noindex/Pods.build/Debug-iphonesimulator/isar_community_flutter_libs.build/Objects-normal/arm64/isar_community_flutter_libs_const_extract_protocols.json -Xcc -iquote -Xcc /Users/amansingh/Library/Developer/Xcode/DerivedData/Runner-hcofcunwqgeiswglvcttrssmoekg/Build/Intermediates.noindex/Pods.build/Debug-iphonesimulator/isar_community_flutter_libs.build/isar_community_flutter_libs-generated-files.hmap -Xcc -I/Users/amansingh/Library/Developer/Xcode/DerivedData/Runner-hcofcunwqgeiswglvcttrssmoekg/Build/Intermediates.noindex/Pods.build/Debug-iphonesimulator/isar_community_flutter_libs.build/isar_community_flutter_libs-own-target-headers.hmap -Xcc -I/Users/amansingh/Library/Developer/Xcode/DerivedData/Runner-hcofcunwqgeiswglvcttrssmoekg/Build/Intermediates.noindex/Pods.build/Debug-iphonesimulator/isar_community_flutter_libs.build/isar_community_flutter_libs-all-non-framework-target-headers.hmap -Xcc -ivfsoverlay -Xcc /Users/amansingh/Library/Developer/Xcode/DerivedData/Runner-hcofcunwqgeiswglvcttrssmoekg/Build/Intermediates.noindex/Pods.build/Debug-iphonesimulator/Pods-8699adb1dd336b26511df848a716bd42-VFS-iphonesimulator/all-product-headers.yaml -Xcc -iquote -Xcc /Users/amansingh/Library/Developer/Xcode/DerivedData/Runner-hcofcunwqgeiswglvcttrssmoekg/Build/Intermediates.noindex/Pods.build/Debug-iphonesimulator/isar_community_flutter_libs.build/isar_community_flutter_libs-project-headers.hmap -Xcc -I/Users/amansingh/Library/Developer/Xcode/DerivedData/Runner-hcofcunwqgeiswglvcttrssmoekg/Build/Products/Debug-iphonesimulator/isar_community_flutter_libs/include -Xcc -I/Users/amansingh/Library/Developer/Xcode/DerivedData/Runner-hcofcunwqgeiswglvcttrssmoekg/Build/Products/Debug-iphonesimulator/XCFrameworkIntermediates/isar_community_flutter_libs/Headers -Xcc -I/Users/amansingh/Library/Developer/Xcode/DerivedData/Runner-hcofcunwqgeiswglvcttrssmoekg/Build/Intermediates.noindex/Pods.build/Debug-iphonesimulator/isar_community_flutter_libs.build/DerivedSources-normal/arm64 -Xcc -I/Users/amansingh/Library/Developer/Xcode/DerivedData/Runner-hcofcunwqgeiswglvcttrssmoekg/Build/Intermediates.noindex/Pods.build/Debug-iphonesimulator/isar_community_flutter_libs.build/DerivedSources/arm64 -Xcc -I/Users/amansingh/Library/Developer/Xcode/DerivedData/Runner-hcofcunwqgeiswglvcttrssmoekg/Build/Intermediates.noindex/Pods.build/Debug-iphonesimulator/isar_community_flutter_libs.build/DerivedSources -Xcc -DPOD_CONFIGURATION_DEBUG\=1 -Xcc -DDEBUG\=1 -Xcc -DCOCOAPODS\=1 -emit-objc-header -emit-objc-header-path /Users/amansingh/Library/Developer/Xcode/DerivedData/Runner-hcofcunwqgeiswglvcttrssmoekg/Build/Intermediates.noindex/Pods.build/Debug-iphonesimulator/isar_community_flutter_libs.build/Objects-normal/arm64/isar_community_flutter_libs-Swift.h -import-underlying-module -Xcc -ivfsoverlay -Xcc /Users/amansingh/Library/Developer/Xcode/DerivedData/Runner-hcofcunwqgeiswglvcttrssmoekg/Build/Intermediates.noindex/Pods.build/Debug-iphonesimulator/isar_community_flutter_libs.build/unextended-module-overlay.yaml -working-directory /Users/amansingh/Documents/GitHub/book_tracker_app/readora/ios/Pods -experimental-emit-module-separately -disable-cmo

note: Run script build phase 'Thin Binary' will be run during every build because the option to run the script phase "Based on dependency analysis" is unchecked. (in target 'Runner' from project 'Runner')
note: Run script build phase 'Run Script' will be run during every build because the option to run the script phase "Based on dependency analysis" is unchecked. (in target 'Runner' from project 'Runner')
** BUILD FAILED **


The following build commands failed:
	Ld /Users/amansingh/Library/Developer/Xcode/DerivedData/Runner-hcofcunwqgeiswglvcttrssmoekg/Build/Intermediates.noindex/Pods.build/Debug-iphonesimulator/package_info_plus.build/Objects-normal/x86_64/Binary/package_info_plus normal x86_64 (in target 'package_info_plus' from project 'Pods')
	Building workspace Runner with scheme Runner and configuration Debug
(2 failures)
